[22:46:03.105] starting robot eyes
[22:46:03.119] scanning cams...
[ WARN:0@0.605] global cap.cpp:477 cv::VideoCapture::open VIDEOIO(DSHOW): backend is generally available but can't be used to capture by index
[ WARN:0@0.606] global cap.cpp:477 cv::VideoCapture::open VIDEOIO(DSHOW): backend is generally available but can't be used to capture by index
[ WARN:0@0.607] global cap.cpp:477 cv::VideoCapture::open VIDEOIO(DSHOW): backend is generally available but can't be used to capture by index
cams: [0, 1]
pick cam index: [22:46:03.856] addons: loaded overlay [on_start, on_frame, on_face_found, on_face_lost, on_draw, on_key]
[22:46:03.859] addons: loaded siren [on_start, on_face_found, on_face_lost, on_stop]
[22:46:03.859] addons: 2 active
[22:46:03.859] overlay: press o to toggle
[22:46:03.870] running. q/esc quit, f toggle preview
[22:46:04.060] ------------------------------------------------------------
[22:46:04.060] faces=0
[22:46:04.060] no face, holding last pupil position
[22:46:04.111] ------------------------------------------------------------
[22:46:04.111] faces=0
[22:46:04.111] no face, holding last pupil position
[22:46:04.147] ------------------------------------------------------------
[22:46:04.148] faces=0
[22:46:04.148] no face, holding last pupil position
[22:46:04.182] ------------------------------------------------------------
[22:46:04.182] faces=0
[22:46:04.182] no face, holding last pupil position
[22:46:04.229] ------------------------------------------------------------
[22:46:04.229] faces=0
[22:46:04.229] no face, holding last pupil position
[22:46:04.275] ------------------------------------------------------------
[22:46:04.275] faces=0
[22:46:04.276] no face, holding last pupil position
[22:46:04.322] ------------------------------------------------------------
[22:46:04.322] faces=0
[22:46:04.322] no face, holding last pupil position
[22:46:04.367] ------------------------------------------------------------
[22:46:04.367] faces=0
[22:46:04.367] no face, holding last pupil position
[22:46:04.413] ------------------------------------------------------------
[22:46:04.413] faces=0
[22:46:04.414] no face, holding last pupil position
[22:46:04.460] ------------------------------------------------------------
[22:46:04.460] faces=0
[22:46:04.460] no face, holding last pupil position
[22:46:04.506] ------------------------------------------------------------
[22:46:04.506] faces=0
[22:46:04.507] no face, holding last pupil position
[22:46:04.556] ------------------------------------------------------------
[22:46:04.556] faces=0
[22:46:04.556] no face, holding last pupil position
[22:46:04.601] ------------------------------------------------------------
[22:46:04.601] faces=0
[22:46:04.601] no face, holding last pupil position
[22:46:04.644] ------------------------------------------------------------
[22:46:04.644] faces=0
[22:46:04.645] no face, holding last pupil position
[22:46:04.695] ------------------------------------------------------------
[22:46:04.695] faces=0
[22:46:04.695] no face, holding last pupil position
[22:46:04.739] ------------------------------------------------------------
[22:46:04.739] faces=0
[22:46:04.740] no face, holding last pupil position
[22:46:04.785] ------------------------------------------------------------
[22:46:04.785] faces=0
[22:46:04.785] no face, holding last pupil position
[22:46:04.833] ------------------------------------------------------------
[22:46:04.833] faces=0
[22:46:04.833] no face, holding last pupil position
[22:46:04.877] ------------------------------------------------------------
[22:46:04.877] faces=0
[22:46:04.877] no face, holding last pupil position
[22:46:04.922] ------------------------------------------------------------
[22:46:04.922] faces=0
[22:46:04.922] no face, holding last pupil position
[22:46:04.968] ------------------------------------------------------------
[22:46:04.969] faces=0
[22:46:04.969] no face, holding last pupil position
[22:46:05.016] ------------------------------------------------------------
[22:46:05.016] faces=0
[22:46:05.017] no face, holding last pupil position
[22:46:05.063] ------------------------------------------------------------
[22:46:05.064] faces=0
[22:46:05.064] no face, holding last pupil position
[22:46:05.109] ------------------------------------------------------------
[22:46:05.109] faces=0
[22:46:05.110] no face, holding last pupil position
[22:46:05.160] ------------------------------------------------------------
[22:46:05.160] faces=0
[22:46:05.161] no face, holding last pupil position
[22:46:05.202] ------------------------------------------------------------
[22:46:05.202] faces=0
[22:46:05.202] no face, holding last pupil position
[22:46:05.249] ------------------------------------------------------------
[22:46:05.249] faces=0
[22:46:05.249] no face, holding last pupil position
[22:46:05.295] ------------------------------------------------------------
[22:46:05.295] faces=0
[22:46:05.295] no face, holding last pupil position
[22:46:05.345] ------------------------------------------------------------
[22:46:05.345] faces=0
[22:46:05.345] no face, holding last pupil position
[22:46:05.390] ------------------------------------------------------------
[22:46:05.390] faces=0
[22:46:05.390] no face, holding last pupil position
[22:46:05.436] ------------------------------------------------------------
[22:46:05.436] faces=0
[22:46:05.436] no face, holding last pupil position
[22:46:05.481] ------------------------------------------------------------
[22:46:05.481] faces=0
[22:46:05.482] no face, holding last pupil position
[22:46:05.531] ------------------------------------------------------------
[22:46:05.531] faces=0
[22:46:05.531] no face, holding last pupil position
[22:46:05.578] ------------------------------------------------------------
[22:46:05.578] faces=0
[22:46:05.578] no face, holding last pupil position
[22:46:05.578] siren: face gone for 1.5s
[22:46:05.622] ------------------------------------------------------------
[22:46:05.622] faces=0
[22:46:05.622] no face, holding last pupil position
[22:46:05.665] ------------------------------------------------------------
[22:46:05.666] faces=0
[22:46:05.666] no face, holding last pupil position
[22:46:05.716] ------------------------------------------------------------
[22:46:05.716] faces=0
[22:46:05.716] no face, holding last pupil position
[22:46:05.758] ------------------------------------------------------------
[22:46:05.758] faces=0
[22:46:05.758] no face, holding last pupil position
[22:46:05.810] ------------------------------------------------------------
[22:46:05.810] faces=0
[22:46:05.810] no face, holding last pupil position
[22:46:05.854] ------------------------------------------------------------
[22:46:05.854] faces=0
[22:46:05.854] no face, holding last pupil position
[22:46:05.899] ------------------------------------------------------------
[22:46:05.899] faces=0
[22:46:05.900] no face, holding last pupil position
[22:46:05.946] ------------------------------------------------------------
[22:46:05.946] faces=0
[22:46:05.946] no face, holding last pupil position
[22:46:05.992] ------------------------------------------------------------
[22:46:05.993] faces=0
[22:46:05.993] no face, holding last pupil position
[22:46:06.045] ------------------------------------------------------------
[22:46:06.045] faces=0
[22:46:06.045] no face, holding last pupil position
[22:46:06.086] ------------------------------------------------------------
[22:46:06.086] faces=0
[22:46:06.086] no face, holding last pupil position
[22:46:06.132] ------------------------------------------------------------
[22:46:06.132] faces=0
[22:46:06.133] no face, holding last pupil position
[22:46:06.178] ------------------------------------------------------------
[22:46:06.178] faces=0
[22:46:06.178] no face, holding last pupil position
[22:46:06.223] ------------------------------------------------------------
[22:46:06.223] faces=0
[22:46:06.224] no face, holding last pupil position
[22:46:06.269] ------------------------------------------------------------
[22:46:06.269] faces=0
[22:46:06.269] no face, holding last pupil position
[22:46:06.315] ------------------------------------------------------------
[22:46:06.315] faces=0
[22:46:06.315] no face, holding last pupil position
[22:46:06.362] ------------------------------------------------------------
[22:46:06.362] faces=0
[22:46:06.362] no face, holding last pupil position
[22:46:06.413] ------------------------------------------------------------
[22:46:06.414] faces=0
[22:46:06.414] no face, holding last pupil position
[22:46:06.455] ------------------------------------------------------------
[22:46:06.455] faces=0
[22:46:06.455] no face, holding last pupil position
[22:46:06.501] ------------------------------------------------------------
[22:46:06.501] faces=0
[22:46:06.501] no face, holding last pupil position
[22:46:06.550] ------------------------------------------------------------
[22:46:06.550] faces=0
[22:46:06.550] no face, holding last pupil position
[22:46:06.598] ------------------------------------------------------------
[22:46:06.598] faces=0
[22:46:06.598] no face, holding last pupil position
[22:46:06.641] ------------------------------------------------------------
[22:46:06.642] faces=0
[22:46:06.642] no face, holding last pupil position
[22:46:06.692] ------------------------------------------------------------
[22:46:06.692] faces=0
[22:46:06.692] no face, holding last pupil position
[22:46:06.736] ------------------------------------------------------------
[22:46:06.736] faces=0
[22:46:06.736] no face, holding last pupil position
[22:46:06.781] ------------------------------------------------------------
[22:46:06.781] faces=0
[22:46:06.781] no face, holding last pupil position
[22:46:06.827] ------------------------------------------------------------
[22:46:06.827] faces=0
[22:46:06.827] no face, holding last pupil position
[22:46:06.873] ------------------------------------------------------------
[22:46:06.873] faces=0
[22:46:06.874] no face, holding last pupil position
[22:46:06.923] ------------------------------------------------------------
[22:46:06.923] faces=0
[22:46:06.924] no face, holding last pupil position
[22:46:06.966] ------------------------------------------------------------
[22:46:06.966] faces=0
[22:46:06.966] no face, holding last pupil position
[22:46:07.019] ------------------------------------------------------------
[22:46:07.019] faces=0
[22:46:07.019] no face, holding last pupil position
[22:46:07.061] ------------------------------------------------------------
[22:46:07.061] faces=0
[22:46:07.061] no face, holding last pupil position
[22:46:07.109] ------------------------------------------------------------
[22:46:07.109] faces=0
[22:46:07.109] no face, holding last pupil position
[22:46:07.155] ------------------------------------------------------------
[22:46:07.155] faces=0
[22:46:07.155] no face, holding last pupil position
[22:46:07.203] ------------------------------------------------------------
[22:46:07.203] faces=0
[22:46:07.203] no face, holding last pupil position
[22:46:07.248] ------------------------------------------------------------
[22:46:07.248] faces=0
[22:46:07.248] no face, holding last pupil position
[22:46:07.295] ------------------------------------------------------------
[22:46:07.295] faces=0
[22:46:07.295] no face, holding last pupil position
[22:46:07.340] ------------------------------------------------------------
[22:46:07.340] faces=0
[22:46:07.340] no face, holding last pupil position
[22:46:07.388] ------------------------------------------------------------
[22:46:07.388] faces=0
[22:46:07.388] no face, holding last pupil position
[22:46:07.435] ------------------------------------------------------------
[22:46:07.435] faces=0
[22:46:07.435] no face, holding last pupil position
[22:46:07.479] ------------------------------------------------------------
[22:46:07.479] faces=0
[22:46:07.479] no face, holding last pupil position
[22:46:07.528] ------------------------------------------------------------
[22:46:07.528] faces=0
[22:46:07.528] no face, holding last pupil position
[22:46:07.573] ------------------------------------------------------------
[22:46:07.574] faces=0
[22:46:07.574] no face, holding last pupil position
[22:46:07.624] ------------------------------------------------------------
[22:46:07.624] faces=0
[22:46:07.624] no face, holding last pupil position
[22:46:07.664] ------------------------------------------------------------
[22:46:07.664] faces=0
[22:46:07.664] no face, holding last pupil position
[22:46:07.712] ------------------------------------------------------------
[22:46:07.712] faces=0
[22:46:07.712] no face, holding last pupil position
[22:46:07.758] ------------------------------------------------------------
[22:46:07.758] faces=0
[22:46:07.758] no face, holding last pupil position
[22:46:07.805] ------------------------------------------------------------
[22:46:07.805] faces=0
[22:46:07.805] no face, holding last pupil position
[22:46:07.851] ------------------------------------------------------------
[22:46:07.851] faces=0
[22:46:07.851] no face, holding last pupil position
[22:46:07.902] ------------------------------------------------------------
[22:46:07.902] faces=0
[22:46:07.902] no face, holding last pupil position
[22:46:07.946] ------------------------------------------------------------
[22:46:07.946] faces=0
[22:46:07.946] no face, holding last pupil position
[22:46:07.993] ------------------------------------------------------------
[22:46:07.993] faces=0
[22:46:07.993] no face, holding last pupil position
[22:46:08.039] ------------------------------------------------------------
[22:46:08.039] faces=0
[22:46:08.039] no face, holding last pupil position
[22:46:08.086] ------------------------------------------------------------
[22:46:08.086] faces=0
[22:46:08.086] no face, holding last pupil position
[22:46:08.086] siren: face gone for 4.0s
[22:46:08.131] ------------------------------------------------------------
[22:46:08.131] faces=0
[22:46:08.131] no face, holding last pupil position
[22:46:08.177] ------------------------------------------------------------
[22:46:08.177] faces=0
[22:46:08.178] no face, holding last pupil position
[22:46:08.223] ------------------------------------------------------------
[22:46:08.223] faces=0
[22:46:08.224] no face, holding last pupil position
[22:46:08.272] ------------------------------------------------------------
[22:46:08.272] faces=0
[22:46:08.273] no face, holding last pupil position
[22:46:08.317] ------------------------------------------------------------
[22:46:08.317] faces=0
[22:46:08.317] no face, holding last pupil position
[22:46:08.363] ------------------------------------------------------------
[22:46:08.363] faces=0
[22:46:08.363] no face, holding last pupil position
[22:46:08.410] ------------------------------------------------------------
[22:46:08.410] faces=0
[22:46:08.410] no face, holding last pupil position
[22:46:08.457] ------------------------------------------------------------
[22:46:08.457] faces=0
[22:46:08.457] no face, holding last pupil position
[22:46:08.504] ------------------------------------------------------------
[22:46:08.504] faces=0
[22:46:08.504] no face, holding last pupil position
[22:46:08.553] ------------------------------------------------------------
[22:46:08.553] faces=0
[22:46:08.553] no face, holding last pupil position
[22:46:08.597] ------------------------------------------------------------
[22:46:08.597] faces=0
[22:46:08.597] no face, holding last pupil position
[22:46:08.643] ------------------------------------------------------------
[22:46:08.643] faces=0
[22:46:08.643] no face, holding last pupil position
[22:46:08.691] ------------------------------------------------------------
[22:46:08.692] faces=0
[22:46:08.692] no face, holding last pupil position
[22:46:08.740] ------------------------------------------------------------
[22:46:08.740] faces=0
[22:46:08.740] no face, holding last pupil position
[22:46:08.782] ------------------------------------------------------------
[22:46:08.782] faces=0
[22:46:08.783] no face, holding last pupil position
[22:46:08.828] ------------------------------------------------------------
[22:46:08.828] faces=0
[22:46:08.828] no face, holding last pupil position
[22:46:08.876] ------------------------------------------------------------
[22:46:08.876] faces=0
[22:46:08.876] no face, holding last pupil position
[22:46:08.923] ------------------------------------------------------------
[22:46:08.923] faces=0
[22:46:08.923] no face, holding last pupil position
[22:46:08.972] ------------------------------------------------------------
[22:46:08.972] faces=0
[22:46:08.972] no face, holding last pupil position
[22:46:09.016] ------------------------------------------------------------
[22:46:09.016] faces=0
[22:46:09.016] no face, holding last pupil position
[22:46:09.066] ------------------------------------------------------------
[22:46:09.066] faces=0
[22:46:09.066] no face, holding last pupil position
[22:46:09.110] ------------------------------------------------------------
[22:46:09.110] faces=0
[22:46:09.110] no face, holding last pupil position
[22:46:09.155] ------------------------------------------------------------
[22:46:09.155] faces=0
[22:46:09.156] no face, holding last pupil position
[22:46:09.202] ------------------------------------------------------------
[22:46:09.202] faces=0
[22:46:09.202] no face, holding last pupil position
[22:46:09.256] ------------------------------------------------------------
[22:46:09.256] faces=0
[22:46:09.256] no face, holding last pupil position
[22:46:09.297] ------------------------------------------------------------
[22:46:09.297] faces=0
[22:46:09.297] no face, holding last pupil position
[22:46:09.345] ------------------------------------------------------------
[22:46:09.345] faces=0
[22:46:09.345] no face, holding last pupil position
[22:46:09.391] ------------------------------------------------------------
[22:46:09.391] faces=0
[22:46:09.392] no face, holding last pupil position
[22:46:09.438] ------------------------------------------------------------
[22:46:09.438] faces=0
[22:46:09.438] no face, holding last pupil position
[22:46:09.485] ------------------------------------------------------------
[22:46:09.485] faces=0
[22:46:09.485] no face, holding last pupil position
[22:46:09.531] ------------------------------------------------------------
[22:46:09.531] faces=0
[22:46:09.531] no face, holding last pupil position
[22:46:09.583] ------------------------------------------------------------
[22:46:09.583] faces=0
[22:46:09.583] no face, holding last pupil position
[22:46:09.624] ------------------------------------------------------------
[22:46:09.624] faces=0
[22:46:09.624] no face, holding last pupil position
[22:46:09.671] ------------------------------------------------------------
[22:46:09.671] faces=0
[22:46:09.672] no face, holding last pupil position
[22:46:09.716] ------------------------------------------------------------
[22:46:09.716] faces=0
[22:46:09.716] no face, holding last pupil position
[22:46:09.764] ------------------------------------------------------------
[22:46:09.764] faces=0
[22:46:09.765] no face, holding last pupil position
[22:46:09.814] ------------------------------------------------------------
[22:46:09.814] faces=0
[22:46:09.814] no face, holding last pupil position
[22:46:09.858] ------------------------------------------------------------
[22:46:09.858] faces=0
[22:46:09.858] no face, holding last pupil position
[22:46:09.907] ------------------------------------------------------------
[22:46:09.907] faces=0
[22:46:09.907] no face, holding last pupil position
[22:46:09.950] ------------------------------------------------------------
[22:46:09.950] faces=0
[22:46:09.951] no face, holding last pupil position
[22:46:09.997] ------------------------------------------------------------
[22:46:09.997] faces=0
[22:46:09.997] no face, holding last pupil position
[22:46:10.041] ------------------------------------------------------------
[22:46:10.041] faces=0
[22:46:10.042] no face, holding last pupil position
[22:46:10.093] ------------------------------------------------------------
[22:46:10.093] faces=0
[22:46:10.093] no face, holding last pupil position
[22:46:10.135] ------------------------------------------------------------
[22:46:10.135] faces=0
[22:46:10.136] no face, holding last pupil position
[22:46:10.180] ------------------------------------------------------------
[22:46:10.181] faces=0
[22:46:10.181] no face, holding last pupil position
[22:46:10.228] ------------------------------------------------------------
[22:46:10.228] faces=0
[22:46:10.229] no face, holding last pupil position
[22:46:10.274] ------------------------------------------------------------
[22:46:10.274] faces=0
[22:46:10.274] no face, holding last pupil position
[22:46:10.321] ------------------------------------------------------------
[22:46:10.321] faces=0
[22:46:10.321] no face, holding last pupil position
[22:46:10.367] ------------------------------------------------------------
[22:46:10.367] faces=0
[22:46:10.367] no face, holding last pupil position
[22:46:10.411] ------------------------------------------------------------
[22:46:10.411] faces=0
[22:46:10.411] no face, holding last pupil position
[22:46:10.458] ------------------------------------------------------------
[22:46:10.458] faces=0
[22:46:10.458] no face, holding last pupil position
[22:46:10.505] ------------------------------------------------------------
[22:46:10.505] faces=0
[22:46:10.505] no face, holding last pupil position
[22:46:10.550] ------------------------------------------------------------
[22:46:10.550] faces=0
[22:46:10.550] no face, holding last pupil position
[22:46:10.598] ------------------------------------------------------------
[22:46:10.598] faces=0
[22:46:10.598] no face, holding last pupil position
[22:46:10.598] siren: face gone for 6.5s
[22:46:10.644] ------------------------------------------------------------
[22:46:10.644] faces=0
[22:46:10.644] no face, holding last pupil position
[22:46:10.691] ------------------------------------------------------------
[22:46:10.691] faces=0
[22:46:10.691] no face, holding last pupil position
[22:46:10.740] ------------------------------------------------------------
[22:46:10.740] faces=0
[22:46:10.740] no face, holding last pupil position
[22:46:10.785] ------------------------------------------------------------
[22:46:10.785] faces=0
[22:46:10.785] no face, holding last pupil position
[22:46:10.836] ------------------------------------------------------------
[22:46:10.836] faces=0
[22:46:10.836] no face, holding last pupil position
[22:46:10.877] ------------------------------------------------------------
[22:46:10.877] faces=0
[22:46:10.877] no face, holding last pupil position
[22:46:10.925] ------------------------------------------------------------
[22:46:10.925] faces=0
[22:46:10.925] no face, holding last pupil position
[22:46:10.972] ------------------------------------------------------------
[22:46:10.972] faces=0
[22:46:10.972] no face, holding last pupil position
[22:46:11.019] ------------------------------------------------------------
[22:46:11.019] faces=0
[22:46:11.019] no face, holding last pupil position
[22:46:11.063] ------------------------------------------------------------
[22:46:11.063] faces=0
[22:46:11.063] no face, holding last pupil position
[22:46:11.110] ------------------------------------------------------------
[22:46:11.110] faces=0
[22:46:11.110] no face, holding last pupil position
[22:46:11.197] ------------------------------------------------------------
[22:46:11.197] faces=0
[22:46:11.197] no face, holding last pupil position
[22:46:11.249] ------------------------------------------------------------
[22:46:11.249] faces=0
[22:46:11.250] no face, holding last pupil position
[22:46:11.295] ------------------------------------------------------------
[22:46:11.295] faces=0
[22:46:11.296] no face, holding last pupil position
[22:46:11.340] ------------------------------------------------------------
[22:46:11.340] faces=0
[22:46:11.340] no face, holding last pupil position
[22:46:11.386] ------------------------------------------------------------
[22:46:11.386] faces=0
[22:46:11.387] no face, holding last pupil position
[22:46:11.434] ------------------------------------------------------------
[22:46:11.434] faces=0
[22:46:11.435] no face, holding last pupil position
[22:46:11.479] ------------------------------------------------------------
[22:46:11.479] faces=0
[22:46:11.479] no face, holding last pupil position
[22:46:11.525] ------------------------------------------------------------
[22:46:11.525] faces=0
[22:46:11.525] no face, holding last pupil position
[22:46:11.569] ------------------------------------------------------------
[22:46:11.570] faces=0
[22:46:11.570] no face, holding last pupil position
[22:46:11.616] ------------------------------------------------------------
[22:46:11.616] faces=0
[22:46:11.616] no face, holding last pupil position
[22:46:11.663] ------------------------------------------------------------
[22:46:11.664] faces=0
[22:46:11.664] no face, holding last pupil position
[22:46:11.710] ------------------------------------------------------------
[22:46:11.710] faces=0
[22:46:11.710] no face, holding last pupil position
[22:46:11.758] ------------------------------------------------------------
[22:46:11.758] faces=0
[22:46:11.758] no face, holding last pupil position
[22:46:11.804] ------------------------------------------------------------
[22:46:11.804] faces=0
[22:46:11.804] no face, holding last pupil position
[22:46:11.848] ------------------------------------------------------------
[22:46:11.848] faces=0
[22:46:11.849] no face, holding last pupil position
[22:46:11.897] ------------------------------------------------------------
[22:46:11.897] faces=0
[22:46:11.897] no face, holding last pupil position
[22:46:11.943] ------------------------------------------------------------
[22:46:11.943] faces=0
[22:46:11.943] no face, holding last pupil position
[22:46:11.991] ------------------------------------------------------------
[22:46:11.992] faces=0
[22:46:11.992] no face, holding last pupil position
[22:46:12.036] ------------------------------------------------------------
[22:46:12.036] faces=0
[22:46:12.036] no face, holding last pupil position
[22:46:12.083] ------------------------------------------------------------
[22:46:12.083] faces=0
[22:46:12.083] no face, holding last pupil position
[22:46:12.134] ------------------------------------------------------------
[22:46:12.134] faces=0
[22:46:12.135] no face, holding last pupil position
[22:46:12.174] ------------------------------------------------------------
[22:46:12.174] faces=0
[22:46:12.174] no face, holding last pupil position
[22:46:12.226] ------------------------------------------------------------
[22:46:12.226] faces=0
[22:46:12.226] no face, holding last pupil position
[22:46:12.268] ------------------------------------------------------------
[22:46:12.268] faces=0
[22:46:12.268] no face, holding last pupil position
[22:46:12.316] ------------------------------------------------------------
[22:46:12.316] faces=0
[22:46:12.316] no face, holding last pupil position
[22:46:12.364] ------------------------------------------------------------
[22:46:12.364] faces=0
[22:46:12.364] no face, holding last pupil position
[22:46:12.415] ------------------------------------------------------------
[22:46:12.415] faces=0
[22:46:12.415] no face, holding last pupil position
[22:46:12.459] ------------------------------------------------------------
[22:46:12.460] faces=0
[22:46:12.460] no face, holding last pupil position
[22:46:12.501] ------------------------------------------------------------
[22:46:12.501] faces=0
[22:46:12.501] no face, holding last pupil position
[22:46:12.552] ------------------------------------------------------------
[22:46:12.552] faces=0
[22:46:12.552] no face, holding last pupil position
[22:46:12.595] ------------------------------------------------------------
[22:46:12.595] faces=0
[22:46:12.595] no face, holding last pupil position
[22:46:12.642] ------------------------------------------------------------
[22:46:12.642] faces=0
[22:46:12.642] no face, holding last pupil position
[22:46:12.690] ------------------------------------------------------------
[22:46:12.690] faces=0
[22:46:12.690] no face, holding last pupil position
[22:46:12.734] ------------------------------------------------------------
[22:46:12.734] faces=0
[22:46:12.735] no face, holding last pupil position
[22:46:12.782] ------------------------------------------------------------
[22:46:12.782] faces=0
[22:46:12.782] no face, holding last pupil position
[22:46:12.828] ------------------------------------------------------------
[22:46:12.828] faces=0
[22:46:12.828] no face, holding last pupil position
[22:46:12.872] ------------------------------------------------------------
[22:46:12.872] faces=0
[22:46:12.872] no face, holding last pupil position
[22:46:12.920] ------------------------------------------------------------
[22:46:12.921] faces=0
[22:46:12.921] no face, holding last pupil position
[22:46:12.965] ------------------------------------------------------------
[22:46:12.966] faces=0
[22:46:12.966] no face, holding last pupil position
[22:46:13.013] ------------------------------------------------------------
[22:46:13.013] faces=0
[22:46:13.013] no face, holding last pupil position
[22:46:13.059] ------------------------------------------------------------
[22:46:13.059] faces=0
[22:46:13.059] no face, holding last pupil position
[22:46:13.106] ------------------------------------------------------------
[22:46:13.106] faces=0
[22:46:13.106] no face, holding last pupil position
[22:46:13.106] siren: face gone for 9.0s
[22:46:13.149] ------------------------------------------------------------
[22:46:13.149] faces=0
[22:46:13.149] no face, holding last pupil position
[22:46:13.200] ------------------------------------------------------------
[22:46:13.200] faces=0
[22:46:13.200] no face, holding last pupil position
[22:46:13.246] ------------------------------------------------------------
[22:46:13.246] faces=0
[22:46:13.246] no face, holding last pupil position
[22:46:13.291] ------------------------------------------------------------
[22:46:13.291] faces=0
[22:46:13.292] no face, holding last pupil position
[22:46:13.337] ------------------------------------------------------------
[22:46:13.338] faces=0
[22:46:13.338] no face, holding last pupil position
[22:46:13.386] ------------------------------------------------------------
[22:46:13.386] faces=0
[22:46:13.386] no face, holding last pupil position
[22:46:13.431] ------------------------------------------------------------
[22:46:13.431] faces=0
[22:46:13.431] no face, holding last pupil position
[22:46:13.480] ------------------------------------------------------------
[22:46:13.480] faces=0
[22:46:13.480] no face, holding last pupil position
[22:46:13.523] ------------------------------------------------------------
[22:46:13.523] faces=0
[22:46:13.523] no face, holding last pupil position
[22:46:13.572] ------------------------------------------------------------
[22:46:13.572] faces=0
[22:46:13.572] no face, holding last pupil position
[22:46:13.618] ------------------------------------------------------------
[22:46:13.618] faces=0
[22:46:13.618] no face, holding last pupil position
[22:46:13.663] ------------------------------------------------------------
[22:46:13.663] faces=0
[22:46:13.663] no face, holding last pupil position
[22:46:13.709] ------------------------------------------------------------
[22:46:13.709] faces=0
[22:46:13.710] no face, holding last pupil position
[22:46:13.757] ------------------------------------------------------------
[22:46:13.757] faces=0
[22:46:13.757] no face, holding last pupil position
[22:46:13.803] ------------------------------------------------------------
[22:46:13.803] faces=0
[22:46:13.804] no face, holding last pupil position
[22:46:13.849] ------------------------------------------------------------
[22:46:13.849] faces=0
[22:46:13.849] no face, holding last pupil position
[22:46:13.896] ------------------------------------------------------------
[22:46:13.896] faces=0
[22:46:13.896] no face, holding last pupil position
[22:46:13.943] ------------------------------------------------------------
[22:46:13.943] faces=0
[22:46:13.943] no face, holding last pupil position
[22:46:13.996] ------------------------------------------------------------
[22:46:13.996] faces=0
[22:46:13.996] no face, holding last pupil position
[22:46:14.034] ------------------------------------------------------------
[22:46:14.034] faces=0
[22:46:14.034] no face, holding last pupil position
[22:46:14.085] ------------------------------------------------------------
[22:46:14.086] faces=0
[22:46:14.086] no face, holding last pupil position
[22:46:14.130] ------------------------------------------------------------
[22:46:14.130] faces=0
[22:46:14.130] no face, holding last pupil position
[22:46:14.179] ------------------------------------------------------------
[22:46:14.179] faces=0
[22:46:14.179] no face, holding last pupil position
[22:46:14.229] ------------------------------------------------------------
[22:46:14.229] faces=0
[22:46:14.229] no face, holding last pupil position
[22:46:14.270] ------------------------------------------------------------
[22:46:14.270] faces=0
[22:46:14.270] no face, holding last pupil position
[22:46:14.319] ------------------------------------------------------------
[22:46:14.319] faces=0
[22:46:14.319] no face, holding last pupil position
[22:46:14.366] ------------------------------------------------------------
[22:46:14.366] faces=0
[22:46:14.367] no face, holding last pupil position
[22:46:14.415] ------------------------------------------------------------
[22:46:14.415] faces=0
[22:46:14.415] no face, holding last pupil position
[22:46:14.459] ------------------------------------------------------------
[22:46:14.459] faces=0
[22:46:14.459] no face, holding last pupil position
[22:46:14.508] ------------------------------------------------------------
[22:46:14.508] faces=0
[22:46:14.508] no face, holding last pupil position
[22:46:14.553] ------------------------------------------------------------
[22:46:14.553] faces=0
[22:46:14.553] no face, holding last pupil position
[22:46:14.602] ------------------------------------------------------------
[22:46:14.602] faces=0
[22:46:14.602] no face, holding last pupil position
[22:46:14.646] ------------------------------------------------------------
[22:46:14.646] faces=0
[22:46:14.646] no face, holding last pupil position
[22:46:14.694] ------------------------------------------------------------
[22:46:14.694] faces=0
[22:46:14.694] no face, holding last pupil position
[22:46:14.740] ------------------------------------------------------------
[22:46:14.740] faces=0
[22:46:14.740] no face, holding last pupil position
[22:46:14.787] ------------------------------------------------------------
[22:46:14.787] faces=0
[22:46:14.787] no face, holding last pupil position
[22:46:14.830] ------------------------------------------------------------
[22:46:14.830] faces=0
[22:46:14.831] no face, holding last pupil position
[22:46:14.881] ------------------------------------------------------------
[22:46:14.881] faces=0
[22:46:14.881] no face, holding last pupil position
[22:46:14.925] ------------------------------------------------------------
[22:46:14.925] faces=0
[22:46:14.925] no face, holding last pupil position
[22:46:14.970] ------------------------------------------------------------
[22:46:14.970] faces=0
[22:46:14.971] no face, holding last pupil position
