[21:10:13.673] predicted pos (120ms ahead)=(341.5,200.5)
[21:10:13.673] dx=21.5 dy=-39.5 dist=45.0 dn=0.112 ang=-1.072rad
[21:10:13.673] curve_dn=0.176 trav=9.84 offset=(-4.70,-8.64)
[21:10:13.673]   eye@(300,260) 295.3,251.4 -> 295.3,251.4
[21:10:13.673]   eye@(600,260) 595.3,251.4 -> 595.3,251.4
[21:10:13.724] ------------------------------------------------------------
[21:10:13.724] faces=1
[21:10:13.724] weighted center=(341.5,200.5) over 1 face(s)
[21:10:13.724] dt=51.6ms vel=(0.0,0.0)px/s accel=(0.0,0.0)px/s2
[21:10:13.725] predicted pos (120ms ahead)=(341.5,200.5)
[21:10:13.725] dx=21.5 dy=-39.5 dist=45.0 dn=0.112 ang=-1.072rad
[21:10:13.725] curve_dn=0.176 trav=9.84 offset=(-4.70,-8.64)
[21:10:13.725]   eye@(300,260) 295.3,251.4 -> 295.3,251.4
[21:10:13.725]   eye@(600,260) 595.3,251.4 -> 595.3,251.4
[21:10:13.767] ------------------------------------------------------------
[21:10:13.767] faces=1
[21:10:13.767] weighted center=(341.5,200.5) over 1 face(s)
[21:10:13.767] dt=42.5ms vel=(0.0,0.0)px/s accel=(0.0,0.0)px/s2
[21:10:13.767] predicted pos (120ms ahead)=(341.5,200.5)
[21:10:13.767] dx=21.5 dy=-39.5 dist=45.0 dn=0.112 ang=-1.072rad
[21:10:13.767] curve_dn=0.176 trav=9.84 offset=(-4.70,-8.64)
[21:10:13.767]   eye@(300,260) 295.3,251.4 -> 295.3,251.4
[21:10:13.767]   eye@(600,260) 595.3,251.4 -> 595.3,251.4
[21:10:13.813] ------------------------------------------------------------
[21:10:13.813] faces=1
[21:10:13.813] weighted center=(341.5,200.5) over 1 face(s)
[21:10:13.814] dt=46.5ms vel=(0.0,0.0)px/s accel=(0.0,0.0)px/s2
[21:10:13.814] predicted pos (120ms ahead)=(341.5,200.5)
[21:10:13.814] dx=21.5 dy=-39.5 dist=45.0 dn=0.112 ang=-1.072rad
[21:10:13.814] curve_dn=0.176 trav=9.84 offset=(-4.70,-8.64)
[21:10:13.814]   eye@(300,260) 295.3,251.4 -> 295.3,251.4
[21:10:13.814]   eye@(600,260) 595.3,251.4 -> 595.3,251.4
[21:10:13.860] ------------------------------------------------------------
[21:10:13.860] faces=1
[21:10:13.860] weighted center=(341.5,200.5) over 1 face(s)
[21:10:13.860] dt=46.7ms vel=(0.0,0.0)px/s accel=(0.0,0.0)px/s2
[21:10:13.860] predicted pos (120ms ahead)=(341.5,200.5)
[21:10:13.860] dx=21.5 dy=-39.5 dist=45.0 dn=0.112 ang=-1.072rad
[21:10:13.860] curve_dn=0.176 trav=9.84 offset=(-4.70,-8.64)
[21:10:13.861]   eye@(300,260) 295.3,251.4 -> 295.3,251.4
[21:10:13.861]   eye@(600,260) 595.3,251.4 -> 595.3,251.4
[21:10:13.906] ------------------------------------------------------------
[21:10:13.906] faces=1
[21:10:13.906] weighted center=(341.5,200.5) over 1 face(s)
[21:10:13.906] dt=45.8ms vel=(0.0,0.0)px/s accel=(0.0,0.0)px/s2
[21:10:13.906] predicted pos (120ms ahead)=(341.5,200.5)
[21:10:13.906] dx=21.5 dy=-39.5 dist=45.0 dn=0.112 ang=-1.072rad
[21:10:13.906] curve_dn=0.176 trav=9.84 offset=(-4.70,-8.64)
[21:10:13.906]   eye@(300,260) 295.3,251.4 -> 295.3,251.4
[21:10:13.906]   eye@(600,260) 595.3,251.4 -> 595.3,251.4
[21:10:13.952] ------------------------------------------------------------
[21:10:13.952] faces=1
[21:10:13.952] weighted center=(341.5,200.5) over 1 face(s)
[21:10:13.952] dt=46.0ms vel=(0.0,0.0)px/s accel=(0.0,0.0)px/s2
[21:10:13.952] predicted pos (120ms ahead)=(341.5,200.5)
[21:10:13.952] dx=21.5 dy=-39.5 dist=45.0 dn=0.112 ang=-1.072rad
[21:10:13.952] curve_dn=0.176 trav=9.84 offset=(-4.70,-8.64)
[21:10:13.952]   eye@(300,260) 295.3,251.4 -> 295.3,251.4
[21:10:13.952]   eye@(600,260) 595.3,251.4 -> 595.3,251.4
[21:10:14.000] ------------------------------------------------------------
[21:10:14.000] faces=1
[21:10:14.000] weighted center=(341.5,200.5) over 1 face(s)
[21:10:14.000] dt=48.1ms vel=(0.0,0.0)px/s accel=(0.0,0.0)px/s2
[21:10:14.000] predicted pos (120ms ahead)=(341.5,200.5)
[21:10:14.000] dx=21.5 dy=-39.5 dist=45.0 dn=0.112 ang=-1.072rad
[21:10:14.000] curve_dn=0.176 trav=9.84 offset=(-4.70,-8.64)
[21:10:14.000]   eye@(300,260) 295.3,251.4 -> 295.3,251.4
[21:10:14.001]   eye@(600,260) 595.3,251.4 -> 595.3,251.4
[21:10:14.061] ------------------------------------------------------------
[21:10:14.061] faces=1
[21:10:14.061] weighted center=(341.5,200.5) over 1 face(s)
[21:10:14.062] dt=61.5ms vel=(0.0,0.0)px/s accel=(0.0,0.0)px/s2
[21:10:14.062] predicted pos (120ms ahead)=(341.5,200.5)
[21:10:14.062] dx=21.5 dy=-39.5 dist=45.0 dn=0.112 ang=-1.072rad
[21:10:14.062] curve_dn=0.176 trav=9.84 offset=(-4.70,-8.64)
[21:10:14.062]   eye@(300,260) 295.3,251.4 -> 295.3,251.4
[21:10:14.062]   eye@(600,260) 595.3,251.4 -> 595.3,251.4
[21:10:14.122] ------------------------------------------------------------
[21:10:14.123] faces=1
[21:10:14.123] weighted center=(341.5,200.5) over 1 face(s)
[21:10:14.123] dt=61.3ms vel=(0.0,0.0)px/s accel=(0.0,0.0)px/s2
[21:10:14.123] predicted pos (120ms ahead)=(341.5,200.5)
[21:10:14.123] dx=21.5 dy=-39.5 dist=45.0 dn=0.112 ang=-1.072rad
[21:10:14.123] curve_dn=0.176 trav=9.84 offset=(-4.70,-8.64)
[21:10:14.123]   eye@(300,260) 295.3,251.4 -> 295.3,251.4
[21:10:14.123]   eye@(600,260) 595.3,251.4 -> 595.3,251.4
[21:10:14.185] ------------------------------------------------------------
[21:10:14.185] faces=1
[21:10:14.186] weighted center=(341.5,200.5) over 1 face(s)
[21:10:14.186] dt=62.8ms vel=(0.0,0.0)px/s accel=(0.0,0.0)px/s2
[21:10:14.186] predicted pos (120ms ahead)=(341.5,200.5)
[21:10:14.186] dx=21.5 dy=-39.5 dist=45.0 dn=0.112 ang=-1.072rad
[21:10:14.186] curve_dn=0.176 trav=9.84 offset=(-4.70,-8.64)
[21:10:14.186]   eye@(300,260) 295.3,251.4 -> 295.3,251.4
[21:10:14.186]   eye@(600,260) 595.3,251.4 -> 595.3,251.4
[21:10:14.230] ------------------------------------------------------------
[21:10:14.230] faces=1
[21:10:14.230] weighted center=(341.5,200.5) over 1 face(s)
[21:10:14.230] dt=44.4ms vel=(0.0,0.0)px/s accel=(0.0,0.0)px/s2
[21:10:14.230] predicted pos (120ms ahead)=(341.5,200.5)
[21:10:14.230] dx=21.5 dy=-39.5 dist=45.0 dn=0.112 ang=-1.072rad
[21:10:14.230] curve_dn=0.176 trav=9.84 offset=(-4.70,-8.64)
[21:10:14.231]   eye@(300,260) 295.3,251.4 -> 295.3,251.4
[21:10:14.231]   eye@(600,260) 595.3,251.4 -> 595.3,251.4
[21:10:14.275] ------------------------------------------------------------
[21:10:14.275] faces=1
[21:10:14.276] weighted center=(341.5,200.5) over 1 face(s)
[21:10:14.276] dt=45.4ms vel=(0.0,0.0)px/s accel=(0.0,0.0)px/s2
[21:10:14.276] predicted pos (120ms ahead)=(341.5,200.5)
[21:10:14.276] dx=21.5 dy=-39.5 dist=45.0 dn=0.112 ang=-1.072rad
[21:10:14.276] curve_dn=0.176 trav=9.84 offset=(-4.70,-8.64)
[21:10:14.276]   eye@(300,260) 295.3,251.4 -> 295.3,251.4
[21:10:14.276]   eye@(600,260) 595.3,251.4 -> 595.3,251.4
[21:10:14.340] ------------------------------------------------------------
[21:10:14.340] faces=1
[21:10:14.341] weighted center=(341.5,200.5) over 1 face(s)
[21:10:14.341] dt=65.2ms vel=(0.0,0.0)px/s accel=(0.0,0.0)px/s2
[21:10:14.341] predicted pos (120ms ahead)=(341.5,200.5)
[21:10:14.341] dx=21.5 dy=-39.5 dist=45.0 dn=0.112 ang=-1.072rad
[21:10:14.341] curve_dn=0.176 trav=9.84 offset=(-4.70,-8.64)
[21:10:14.341]   eye@(300,260) 295.3,251.4 -> 295.3,251.4
[21:10:14.341]   eye@(600,260) 595.3,251.4 -> 595.3,251.4
[21:10:14.404] ------------------------------------------------------------
[21:10:14.405] faces=1
[21:10:14.405] weighted center=(341.5,200.5) over 1 face(s)
[21:10:14.405] dt=64.5ms vel=(0.0,0.0)px/s accel=(0.0,0.0)px/s2
[21:10:14.405] predicted pos (120ms ahead)=(341.5,200.5)
[21:10:14.406] dx=21.5 dy=-39.5 dist=45.0 dn=0.112 ang=-1.072rad
[21:10:14.406] curve_dn=0.176 trav=9.84 offset=(-4.70,-8.64)
[21:10:14.406]   eye@(300,260) 295.3,251.4 -> 295.3,251.4
[21:10:14.406]   eye@(600,260) 595.3,251.4 -> 595.3,251.4
[21:10:14.466] ------------------------------------------------------------
[21:10:14.466] faces=1
[21:10:14.467] weighted center=(341.5,200.5) over 1 face(s)
[21:10:14.467] dt=61.5ms vel=(0.0,0.0)px/s accel=(0.0,0.0)px/s2
[21:10:14.467] predicted pos (120ms ahead)=(341.5,200.5)
[21:10:14.467] dx=21.5 dy=-39.5 dist=45.0 dn=0.112 ang=-1.072rad
[21:10:14.467] curve_dn=0.176 trav=9.84 offset=(-4.70,-8.64)
[21:10:14.467]   eye@(300,260) 295.3,251.4 -> 295.3,251.4
[21:10:14.467]   eye@(600,260) 595.3,251.4 -> 595.3,251.4
[21:10:14.523] ------------------------------------------------------------
[21:10:14.523] faces=1
[21:10:14.523] weighted center=(341.5,200.5) over 1 face(s)
[21:10:14.523] dt=56.6ms vel=(0.0,0.0)px/s accel=(0.0,0.0)px/s2
[21:10:14.523] predicted pos (120ms ahead)=(341.5,200.5)
[21:10:14.524] dx=21.5 dy=-39.5 dist=45.0 dn=0.112 ang=-1.072rad
[21:10:14.524] curve_dn=0.176 trav=9.84 offset=(-4.70,-8.64)
[21:10:14.524]   eye@(300,260) 295.3,251.4 -> 295.3,251.4
[21:10:14.524]   eye@(600,260) 595.3,251.4 -> 595.3,251.4
[21:10:14.588] ------------------------------------------------------------
[21:10:14.588] faces=1
[21:10:14.589] weighted center=(341.5,200.5) over 1 face(s)
[21:10:14.589] dt=65.4ms vel=(0.0,0.0)px/s accel=(0.0,0.0)px/s2
[21:10:14.589] predicted pos (120ms ahead)=(341.5,200.5)
[21:10:14.589] dx=21.5 dy=-39.5 dist=45.0 dn=0.112 ang=-1.072rad
[21:10:14.589] curve_dn=0.176 trav=9.84 offset=(-4.70,-8.64)
[21:10:14.589]   eye@(300,260) 295.3,251.4 -> 295.3,251.4
[21:10:14.589]   eye@(600,260) 595.3,251.4 -> 595.3,251.4
[21:10:14.645] ------------------------------------------------------------
[21:10:14.645] faces=1
[21:10:14.645] weighted center=(341.5,200.5) over 1 face(s)
[21:10:14.645] dt=56.3ms vel=(0.0,0.0)px/s accel=(0.0,0.0)px/s2
[21:10:14.645] predicted pos (120ms ahead)=(341.5,200.5)
[21:10:14.645] dx=21.5 dy=-39.5 dist=45.0 dn=0.112 ang=-1.072rad
[21:10:14.645] curve_dn=0.176 trav=9.84 offset=(-4.70,-8.64)
[21:10:14.645]   eye@(300,260) 295.3,251.4 -> 295.3,251.4
[21:10:14.646]   eye@(600,260) 595.3,251.4 -> 595.3,251.4
[21:10:14.720] ------------------------------------------------------------
[21:10:14.720] faces=1
[21:10:14.720] weighted center=(341.5,200.5) over 1 face(s)
[21:10:14.720] dt=75.3ms vel=(0.0,0.0)px/s accel=(0.0,0.0)px/s2
[21:10:14.721] predicted pos (120ms ahead)=(341.5,200.5)
[21:10:14.721] dx=21.5 dy=-39.5 dist=45.0 dn=0.112 ang=-1.072rad
[21:10:14.721] curve_dn=0.176 trav=9.84 offset=(-4.70,-8.64)
[21:10:14.721]   eye@(300,260) 295.3,251.4 -> 295.3,251.4
[21:10:14.721]   eye@(600,260) 595.3,251.4 -> 595.3,251.4
[21:10:14.767] ------------------------------------------------------------
[21:10:14.767] faces=1
[21:10:14.767] weighted center=(341.5,200.5) over 1 face(s)
[21:10:14.767] dt=46.8ms vel=(0.0,0.0)px/s accel=(0.0,0.0)px/s2
[21:10:14.767] predicted pos (120ms ahead)=(341.5,200.5)
[21:10:14.767] dx=21.5 dy=-39.5 dist=45.0 dn=0.112 ang=-1.072rad
[21:10:14.768] curve_dn=0.176 trav=9.84 offset=(-4.70,-8.64)
[21:10:14.768]   eye@(300,260) 295.3,251.4 -> 295.3,251.4
[21:10:14.768]   eye@(600,260) 595.3,251.4 -> 595.3,251.4
[21:10:14.812] ------------------------------------------------------------
[21:10:14.812] faces=1
[21:10:14.812] weighted center=(341.5,200.5) over 1 face(s)
[21:10:14.813] dt=45.3ms vel=(0.0,0.0)px/s accel=(0.0,0.0)px/s2
[21:10:14.813] predicted pos (120ms ahead)=(341.5,200.5)
[21:10:14.813] dx=21.5 dy=-39.5 dist=45.0 dn=0.112 ang=-1.072rad
[21:10:14.813] curve_dn=0.176 trav=9.84 offset=(-4.70,-8.64)
[21:10:14.813]   eye@(300,260) 295.3,251.4 -> 295.3,251.4
[21:10:14.813]   eye@(600,260) 595.3,251.4 -> 595.3,251.4
[21:10:14.860] ------------------------------------------------------------
[21:10:14.860] faces=1
[21:10:14.860] weighted center=(341.5,200.5) over 1 face(s)
[21:10:14.861] dt=48.0ms vel=(0.0,0.0)px/s accel=(0.0,0.0)px/s2
[21:10:14.861] predicted pos (120ms ahead)=(341.5,200.5)
[21:10:14.861] dx=21.5 dy=-39.5 dist=45.0 dn=0.112 ang=-1.072rad
[21:10:14.861] curve_dn=0.176 trav=9.84 offset=(-4.70,-8.64)
[21:10:14.861]   eye@(300,260) 295.3,251.4 -> 295.3,251.4
[21:10:14.861]   eye@(600,260) 595.3,251.4 -> 595.3,251.4
[21:10:14.901] ------------------------------------------------------------
[21:10:14.901] faces=1
[21:10:14.901] weighted center=(341.5,200.5) over 1 face(s)
[21:10:14.901] dt=40.8ms vel=(0.0,0.0)px/s accel=(0.0,0.0)px/s2
[21:10:14.901] predicted pos (120ms ahead)=(341.5,200.5)
[21:10:14.902] dx=21.5 dy=-39.5 dist=45.0 dn=0.112 ang=-1.072rad
[21:10:14.902] curve_dn=0.176 trav=9.84 offset=(-4.70,-8.64)
[21:10:14.902]   eye@(300,260) 295.3,251.4 -> 295.3,251.4
[21:10:14.902]   eye@(600,260) 595.3,251.4 -> 595.3,251.4
[21:10:14.957] ------------------------------------------------------------
[21:10:14.957] faces=1
[21:10:14.957] weighted center=(341.5,200.5) over 1 face(s)
[21:10:14.957] dt=56.2ms vel=(0.0,0.0)px/s accel=(0.0,0.0)px/s2
[21:10:14.958] predicted pos (120ms ahead)=(341.5,200.5)
[21:10:14.958] dx=21.5 dy=-39.5 dist=45.0 dn=0.112 ang=-1.072rad
[21:10:14.958] curve_dn=0.176 trav=9.84 offset=(-4.70,-8.64)
[21:10:14.958]   eye@(300,260) 295.3,251.4 -> 295.3,251.4
[21:10:14.958]   eye@(600,260) 595.3,251.4 -> 595.3,251.4
[21:10:15.028] ------------------------------------------------------------
[21:10:15.029] faces=1
[21:10:15.029] weighted center=(341.5,200.5) over 1 face(s)
[21:10:15.029] dt=71.5ms vel=(0.0,0.0)px/s accel=(0.0,0.0)px/s2
[21:10:15.029] predicted pos (120ms ahead)=(341.5,200.5)
[21:10:15.029] dx=21.5 dy=-39.5 dist=45.0 dn=0.112 ang=-1.072rad
[21:10:15.029] curve_dn=0.176 trav=9.84 offset=(-4.70,-8.64)
[21:10:15.029]   eye@(300,260) 295.3,251.4 -> 295.3,251.4
[21:10:15.029]   eye@(600,260) 595.3,251.4 -> 595.3,251.4
[21:10:15.077] ------------------------------------------------------------
[21:10:15.077] faces=1
[21:10:15.078] weighted center=(341.5,200.5) over 1 face(s)
[21:10:15.078] dt=48.8ms vel=(0.0,0.0)px/s accel=(0.0,0.0)px/s2
[21:10:15.078] predicted pos (120ms ahead)=(341.5,200.5)
[21:10:15.078] dx=21.5 dy=-39.5 dist=45.0 dn=0.112 ang=-1.072rad
[21:10:15.078] curve_dn=0.176 trav=9.84 offset=(-4.70,-8.64)
[21:10:15.078]   eye@(300,260) 295.3,251.4 -> 295.3,251.4
[21:10:15.078]   eye@(600,260) 595.3,251.4 -> 595.3,251.4
[21:10:15.149] ------------------------------------------------------------
[21:10:15.149] faces=1
[21:10:15.149] weighted center=(341.5,200.5) over 1 face(s)
[21:10:15.149] dt=71.7ms vel=(0.0,0.0)px/s accel=(0.0,0.0)px/s2
[21:10:15.150] predicted pos (120ms ahead)=(341.5,200.5)
[21:10:15.150] dx=21.5 dy=-39.5 dist=45.0 dn=0.112 ang=-1.072rad
[21:10:15.150] curve_dn=0.176 trav=9.84 offset=(-4.70,-8.64)
[21:10:15.150]   eye@(300,260) 295.3,251.4 -> 295.3,251.4
[21:10:15.150]   eye@(600,260) 595.3,251.4 -> 595.3,251.4
[21:10:15.192] ------------------------------------------------------------
[21:10:15.192] faces=1
[21:10:15.192] weighted center=(341.5,200.5) over 1 face(s)
[21:10:15.193] dt=43.1ms vel=(0.0,0.0)px/s accel=(0.0,0.0)px/s2
[21:10:15.193] predicted pos (120ms ahead)=(341.5,200.5)
[21:10:15.193] dx=21.5 dy=-39.5 dist=45.0 dn=0.112 ang=-1.072rad
[21:10:15.193] curve_dn=0.176 trav=9.84 offset=(-4.70,-8.64)
[21:10:15.193]   eye@(300,260) 295.3,251.4 -> 295.3,251.4
[21:10:15.193]   eye@(600,260) 595.3,251.4 -> 595.3,251.4
[21:10:15.232] ------------------------------------------------------------
[21:10:15.232] faces=1
[21:10:15.232] weighted center=(341.5,200.5) over 1 face(s)
[21:10:15.232] dt=39.9ms vel=(0.0,0.0)px/s accel=(0.0,0.0)px/s2
[21:10:15.233] predicted pos (120ms ahead)=(341.5,200.5)
[21:10:15.233] dx=21.5 dy=-39.5 dist=45.0 dn=0.112 ang=-1.072rad
[21:10:15.233] curve_dn=0.176 trav=9.84 offset=(-4.70,-8.64)
[21:10:15.233]   eye@(300,260) 295.3,251.4 -> 295.3,251.4
[21:10:15.233]   eye@(600,260) 595.3,251.4 -> 595.3,251.4
[21:10:15.300] ------------------------------------------------------------
[21:10:15.300] faces=1
[21:10:15.300] weighted center=(341.5,200.5) over 1 face(s)
[21:10:15.300] dt=67.8ms vel=(0.0,0.0)px/s accel=(0.0,0.0)px/s2
[21:10:15.300] predicted pos (120ms ahead)=(341.5,200.5)
[21:10:15.301] dx=21.5 dy=-39.5 dist=45.0 dn=0.112 ang=-1.072rad
[21:10:15.301] curve_dn=0.176 trav=9.84 offset=(-4.70,-8.64)
[21:10:15.301]   eye@(300,260) 295.3,251.4 -> 295.3,251.4
[21:10:15.301]   eye@(600,260) 595.3,251.4 -> 595.3,251.4
[21:10:15.351] ------------------------------------------------------------
[21:10:15.351] faces=1
[21:10:15.352] weighted center=(341.5,200.5) over 1 face(s)
[21:10:15.352] dt=51.7ms vel=(0.0,0.0)px/s accel=(0.0,0.0)px/s2
[21:10:15.352] predicted pos (120ms ahead)=(341.5,200.5)
[21:10:15.352] dx=21.5 dy=-39.5 dist=45.0 dn=0.112 ang=-1.072rad
[21:10:15.352] curve_dn=0.176 trav=9.84 offset=(-4.70,-8.64)
[21:10:15.352]   eye@(300,260) 295.3,251.4 -> 295.3,251.4
[21:10:15.352]   eye@(600,260) 595.3,251.4 -> 595.3,251.4
[21:10:15.401] ------------------------------------------------------------
[21:10:15.401] faces=1
[21:10:15.401] weighted center=(341.5,200.5) over 1 face(s)
[21:10:15.402] dt=49.8ms vel=(0.0,0.0)px/s accel=(0.0,0.0)px/s2
[21:10:15.402] predicted pos (120ms ahead)=(341.5,200.5)
[21:10:15.402] dx=21.5 dy=-39.5 dist=45.0 dn=0.112 ang=-1.072rad
[21:10:15.402] curve_dn=0.176 trav=9.84 offset=(-4.70,-8.64)
[21:10:15.402]   eye@(300,260) 295.3,251.4 -> 295.3,251.4
[21:10:15.402]   eye@(600,260) 595.3,251.4 -> 595.3,251.4
[21:10:15.474] ------------------------------------------------------------
[21:10:15.474] faces=1
[21:10:15.475] weighted center=(341.5,200.5) over 1 face(s)
[21:10:15.475] dt=73.0ms vel=(0.0,0.0)px/s accel=(0.0,0.0)px/s2
[21:10:15.475] predicted pos (120ms ahead)=(341.5,200.5)
[21:10:15.475] dx=21.5 dy=-39.5 dist=45.0 dn=0.112 ang=-1.072rad
[21:10:15.475] curve_dn=0.176 trav=9.84 offset=(-4.70,-8.64)
[21:10:15.475]   eye@(300,260) 295.3,251.4 -> 295.3,251.4
[21:10:15.475]   eye@(600,260) 595.3,251.4 -> 595.3,251.4
[21:10:15.527] ------------------------------------------------------------
[21:10:15.527] faces=1
[21:10:15.527] weighted center=(341.5,200.5) over 1 face(s)
[21:10:15.527] dt=52.7ms vel=(0.0,0.0)px/s accel=(0.0,0.0)px/s2
[21:10:15.528] predicted pos (120ms ahead)=(341.5,200.5)
[21:10:15.528] dx=21.5 dy=-39.5 dist=45.0 dn=0.112 ang=-1.072rad
[21:10:15.528] curve_dn=0.176 trav=9.84 offset=(-4.70,-8.64)
[21:10:15.528]   eye@(300,260) 295.3,251.4 -> 295.3,251.4
[21:10:15.528]   eye@(600,260) 595.3,251.4 -> 595.3,251.4
[21:10:15.583] ------------------------------------------------------------
[21:10:15.583] faces=1
[21:10:15.584] weighted center=(341.5,200.5) over 1 face(s)
[21:10:15.584] dt=56.9ms vel=(0.0,0.0)px/s accel=(0.0,0.0)px/s2
[21:10:15.584] predicted pos (120ms ahead)=(341.5,200.5)
[21:10:15.585] dx=21.5 dy=-39.5 dist=45.0 dn=0.112 ang=-1.072rad
[21:10:15.585] curve_dn=0.176 trav=9.84 offset=(-4.70,-8.64)
[21:10:15.585]   eye@(300,260) 295.3,251.4 -> 295.3,251.4
[21:10:15.585]   eye@(600,260) 595.3,251.4 -> 595.3,251.4
[21:10:15.628] ------------------------------------------------------------
[21:10:15.628] faces=1
[21:10:15.628] weighted center=(341.5,200.5) over 1 face(s)
[21:10:15.629] dt=44.2ms vel=(0.0,0.0)px/s accel=(0.0,0.0)px/s2
[21:10:15.629] predicted pos (120ms ahead)=(341.5,200.5)
[21:10:15.629] dx=21.5 dy=-39.5 dist=45.0 dn=0.112 ang=-1.072rad
[21:10:15.629] curve_dn=0.176 trav=9.84 offset=(-4.70,-8.64)
[21:10:15.629]   eye@(300,260) 295.3,251.4 -> 295.3,251.4
[21:10:15.629]   eye@(600,260) 595.3,251.4 -> 595.3,251.4
[21:10:15.679] ------------------------------------------------------------
[21:10:15.679] faces=1
[21:10:15.679] weighted center=(341.5,200.5) over 1 face(s)
[21:10:15.679] dt=50.9ms vel=(0.0,0.0)px/s accel=(0.0,0.0)px/s2
[21:10:15.680] predicted pos (120ms ahead)=(341.5,200.5)
[21:10:15.680] dx=21.5 dy=-39.5 dist=45.0 dn=0.112 ang=-1.072rad
[21:10:15.680] curve_dn=0.176 trav=9.84 offset=(-4.70,-8.64)
[21:10:15.680]   eye@(300,260) 295.3,251.4 -> 295.3,251.4
[21:10:15.680]   eye@(600,260) 595.3,251.4 -> 595.3,251.4
[21:10:15.745] ------------------------------------------------------------
[21:10:15.745] faces=1
[21:10:15.745] weighted center=(341.5,200.5) over 1 face(s)
[21:10:15.746] dt=66.1ms vel=(0.0,0.0)px/s accel=(0.0,0.0)px/s2
[21:10:15.746] predicted pos (120ms ahead)=(341.5,200.5)
[21:10:15.746] dx=21.5 dy=-39.5 dist=45.0 dn=0.112 ang=-1.072rad
[21:10:15.746] curve_dn=0.176 trav=9.84 offset=(-4.70,-8.64)
[21:10:15.746]   eye@(300,260) 295.3,251.4 -> 295.3,251.4
[21:10:15.746]   eye@(600,260) 595.3,251.4 -> 595.3,251.4
[21:10:15.806] ------------------------------------------------------------
[21:10:15.806] faces=1
[21:10:15.806] weighted center=(341.5,200.5) over 1 face(s)
[21:10:15.806] dt=60.9ms vel=(0.0,0.0)px/s accel=(0.0,0.0)px/s2
[21:10:15.807] predicted pos (120ms ahead)=(341.5,200.5)
[21:10:15.807] dx=21.5 dy=-39.5 dist=45.0 dn=0.112 ang=-1.072rad
[21:10:15.807] curve_dn=0.176 trav=9.84 offset=(-4.70,-8.64)
[21:10:15.807]   eye@(300,260) 295.3,251.4 -> 295.3,251.4
[21:10:15.807]   eye@(600,260) 595.3,251.4 -> 595.3,251.4
[21:10:15.863] ------------------------------------------------------------
[21:10:15.863] faces=1
[21:10:15.864] weighted center=(341.5,200.5) over 1 face(s)
[21:10:15.864] dt=57.4ms vel=(0.0,0.0)px/s accel=(0.0,0.0)px/s2
[21:10:15.864] predicted pos (120ms ahead)=(341.5,200.5)
[21:10:15.864] dx=21.5 dy=-39.5 dist=45.0 dn=0.112 ang=-1.072rad
[21:10:15.864] curve_dn=0.176 trav=9.84 offset=(-4.70,-8.64)
[21:10:15.864]   eye@(300,260) 295.3,251.4 -> 295.3,251.4
[21:10:15.864]   eye@(600,260) 595.3,251.4 -> 595.3,251.4
[21:10:15.932] ------------------------------------------------------------
[21:10:15.932] faces=1
[21:10:15.933] weighted center=(341.5,200.5) over 1 face(s)
[21:10:15.933] dt=69.0ms vel=(0.0,0.0)px/s accel=(0.0,0.0)px/s2
[21:10:15.933] predicted pos (120ms ahead)=(341.5,200.5)
[21:10:15.933] dx=21.5 dy=-39.5 dist=45.0 dn=0.112 ang=-1.072rad
[21:10:15.933] curve_dn=0.176 trav=9.84 offset=(-4.70,-8.64)
[21:10:15.933]   eye@(300,260) 295.3,251.4 -> 295.3,251.4
[21:10:15.933]   eye@(600,260) 595.3,251.4 -> 595.3,251.4
[21:10:15.989] ------------------------------------------------------------
[21:10:15.989] faces=1
[21:10:15.989] weighted center=(341.5,200.5) over 1 face(s)
[21:10:15.989] dt=56.6ms vel=(0.0,0.0)px/s accel=(0.0,0.0)px/s2
[21:10:15.990] predicted pos (120ms ahead)=(341.5,200.5)
[21:10:15.990] dx=21.5 dy=-39.5 dist=45.0 dn=0.112 ang=-1.072rad
[21:10:15.990] curve_dn=0.176 trav=9.84 offset=(-4.70,-8.64)
[21:10:15.990]   eye@(300,260) 295.3,251.4 -> 295.3,251.4
[21:10:15.990]   eye@(600,260) 595.3,251.4 -> 595.3,251.4
[21:10:16.059] ------------------------------------------------------------
[21:10:16.059] faces=1
[21:10:16.059] weighted center=(341.5,200.5) over 1 face(s)
[21:10:16.060] dt=70.2ms vel=(0.0,0.0)px/s accel=(0.0,0.0)px/s2
[21:10:16.060] predicted pos (120ms ahead)=(341.5,200.5)
[21:10:16.060] dx=21.5 dy=-39.5 dist=45.0 dn=0.112 ang=-1.072rad
[21:10:16.060] curve_dn=0.176 trav=9.84 offset=(-4.70,-8.64)
[21:10:16.060]   eye@(300,260) 295.3,251.4 -> 295.3,251.4
[21:10:16.060]   eye@(600,260) 595.3,251.4 -> 595.3,251.4
[21:10:16.106] ------------------------------------------------------------
[21:10:16.107] faces=1
[21:10:16.107] weighted center=(341.5,200.5) over 1 face(s)
[21:10:16.107] dt=47.2ms vel=(0.0,0.0)px/s accel=(0.0,0.0)px/s2
[21:10:16.107] predicted pos (120ms ahead)=(341.5,200.5)
[21:10:16.107] dx=21.5 dy=-39.5 dist=45.0 dn=0.112 ang=-1.072rad
[21:10:16.107] curve_dn=0.176 trav=9.84 offset=(-4.70,-8.64)
[21:10:16.107]   eye@(300,260) 295.3,251.4 -> 295.3,251.4
[21:10:16.107]   eye@(600,260) 595.3,251.4 -> 595.3,251.4
[21:10:16.154] ------------------------------------------------------------
[21:10:16.154] faces=1
[21:10:16.154] weighted center=(341.5,200.5) over 1 face(s)
[21:10:16.155] dt=47.8ms vel=(0.0,0.0)px/s accel=(0.0,0.0)px/s2
[21:10:16.155] predicted pos (120ms ahead)=(341.5,200.5)
[21:10:16.155] dx=21.5 dy=-39.5 dist=45.0 dn=0.112 ang=-1.072rad
[21:10:16.155] curve_dn=0.176 trav=9.84 offset=(-4.70,-8.64)
[21:10:16.155]   eye@(300,260) 295.3,251.4 -> 295.3,251.4
[21:10:16.155]   eye@(600,260) 595.3,251.4 -> 595.3,251.4
[21:10:16.195] ------------------------------------------------------------
[21:10:16.196] faces=1
[21:10:16.196] weighted center=(341.5,200.5) over 1 face(s)
[21:10:16.196] dt=41.5ms vel=(0.0,0.0)px/s accel=(0.0,0.0)px/s2
[21:10:16.196] predicted pos (120ms ahead)=(341.5,200.5)
[21:10:16.196] dx=21.5 dy=-39.5 dist=45.0 dn=0.112 ang=-1.072rad
[21:10:16.196] curve_dn=0.176 trav=9.84 offset=(-4.70,-8.64)
[21:10:16.197]   eye@(300,260) 295.3,251.4 -> 295.3,251.4
[21:10:16.197]   eye@(600,260) 595.3,251.4 -> 595.3,251.4
[21:10:16.238] ------------------------------------------------------------
[21:10:16.238] faces=1
[21:10:16.238] weighted center=(341.5,200.5) over 1 face(s)
[21:10:16.238] dt=41.9ms vel=(0.0,0.0)px/s accel=(0.0,0.0)px/s2
[21:10:16.238] predicted pos (120ms ahead)=(341.5,200.5)
[21:10:16.238] dx=21.5 dy=-39.5 dist=45.0 dn=0.112 ang=-1.072rad
[21:10:16.238] curve_dn=0.176 trav=9.84 offset=(-4.70,-8.64)
[21:10:16.238]   eye@(300,260) 295.3,251.4 -> 295.3,251.4
[21:10:16.238]   eye@(600,260) 595.3,251.4 -> 595.3,251.4
[21:10:16.281] ------------------------------------------------------------
[21:10:16.282] faces=1
[21:10:16.282] weighted center=(341.5,200.5) over 1 face(s)
[21:10:16.282] dt=43.9ms vel=(0.0,0.0)px/s accel=(0.0,0.0)px/s2
[21:10:16.282] predicted pos (120ms ahead)=(341.5,200.5)
[21:10:16.282] dx=21.5 dy=-39.5 dist=45.0 dn=0.112 ang=-1.072rad
[21:10:16.282] curve_dn=0.176 trav=9.84 offset=(-4.70,-8.64)
[21:10:16.282]   eye@(300,260) 295.3,251.4 -> 295.3,251.4
[21:10:16.282]   eye@(600,260) 595.3,251.4 -> 595.3,251.4
[21:10:16.330] ------------------------------------------------------------
[21:10:16.330] faces=1
[21:10:16.331] weighted center=(341.5,200.5) over 1 face(s)
[21:10:16.331] dt=48.9ms vel=(0.0,0.0)px/s accel=(0.0,0.0)px/s2
[21:10:16.331] predicted pos (120ms ahead)=(341.5,200.5)
[21:10:16.331] dx=21.5 dy=-39.5 dist=45.0 dn=0.112 ang=-1.072rad
[21:10:16.331] curve_dn=0.176 trav=9.84 offset=(-4.70,-8.64)
[21:10:16.331]   eye@(300,260) 295.3,251.4 -> 295.3,251.4
[21:10:16.331]   eye@(600,260) 595.3,251.4 -> 595.3,251.4
[21:10:16.399] ------------------------------------------------------------
[21:10:16.399] faces=1
[21:10:16.399] weighted center=(341.5,200.5) over 1 face(s)
[21:10:16.400] dt=68.8ms vel=(0.0,0.0)px/s accel=(0.0,0.0)px/s2
[21:10:16.400] predicted pos (120ms ahead)=(341.5,200.5)
[21:10:16.400] dx=21.5 dy=-39.5 dist=45.0 dn=0.112 ang=-1.072rad
[21:10:16.400] curve_dn=0.176 trav=9.84 offset=(-4.70,-8.64)
[21:10:16.400]   eye@(300,260) 295.3,251.4 -> 295.3,251.4
[21:10:16.400]   eye@(600,260) 595.3,251.4 -> 595.3,251.4
[21:10:16.439] ------------------------------------------------------------
[21:10:16.440] faces=1
[21:10:16.440] weighted center=(341.5,200.5) over 1 face(s)
[21:10:16.440] dt=40.3ms vel=(0.0,0.0)px/s accel=(0.0,0.0)px/s2
[21:10:16.440] predicted pos (120ms ahead)=(341.5,200.5)
[21:10:16.440] dx=21.5 dy=-39.5 dist=45.0 dn=0.112 ang=-1.072rad
[21:10:16.440] curve_dn=0.176 trav=9.84 offset=(-4.70,-8.64)
[21:10:16.440]   eye@(300,260) 295.3,251.4 -> 295.3,251.4
[21:10:16.440]   eye@(600,260) 595.3,251.4 -> 595.3,251.4
[21:10:16.487] ------------------------------------------------------------
[21:10:16.488] faces=1
[21:10:16.488] weighted center=(341.5,200.5) over 1 face(s)
[21:10:16.488] dt=48.2ms vel=(0.0,0.0)px/s accel=(0.0,0.0)px/s2
[21:10:16.488] predicted pos (120ms ahead)=(341.5,200.5)
[21:10:16.488] dx=21.5 dy=-39.5 dist=45.0 dn=0.112 ang=-1.072rad
[21:10:16.488] curve_dn=0.176 trav=9.84 offset=(-4.70,-8.64)
[21:10:16.488]   eye@(300,260) 295.3,251.4 -> 295.3,251.4
[21:10:16.488]   eye@(600,260) 595.3,251.4 -> 595.3,251.4
[21:10:16.551] ------------------------------------------------------------
[21:10:16.551] faces=1
[21:10:16.551] weighted center=(341.5,200.5) over 1 face(s)
[21:10:16.551] dt=63.3ms vel=(0.0,0.0)px/s accel=(0.0,0.0)px/s2
[21:10:16.552] predicted pos (120ms ahead)=(341.5,200.5)
[21:10:16.552] dx=21.5 dy=-39.5 dist=45.0 dn=0.112 ang=-1.072rad
[21:10:16.552] curve_dn=0.176 trav=9.84 offset=(-4.70,-8.64)
[21:10:16.552]   eye@(300,260) 295.3,251.4 -> 295.3,251.4
[21:10:16.552]   eye@(600,260) 595.3,251.4 -> 595.3,251.4
[21:10:16.604] ------------------------------------------------------------
[21:10:16.605] faces=1
[21:10:16.605] weighted center=(341.5,200.5) over 1 face(s)
[21:10:16.605] dt=53.8ms vel=(0.0,0.0)px/s accel=(0.0,0.0)px/s2
[21:10:16.605] predicted pos (120ms ahead)=(341.5,200.5)
[21:10:16.605] dx=21.5 dy=-39.5 dist=45.0 dn=0.112 ang=-1.072rad
[21:10:16.605] curve_dn=0.176 trav=9.84 offset=(-4.70,-8.64)
[21:10:16.606]   eye@(300,260) 295.3,251.4 -> 295.3,251.4
[21:10:16.606]   eye@(600,260) 595.3,251.4 -> 595.3,251.4
[21:10:16.668] ------------------------------------------------------------
[21:10:16.668] faces=1
[21:10:16.668] weighted center=(341.5,200.5) over 1 face(s)
[21:10:16.669] dt=63.4ms vel=(0.0,0.0)px/s accel=(0.0,0.0)px/s2
[21:10:16.669] predicted pos (120ms ahead)=(341.5,200.5)
[21:10:16.669] dx=21.5 dy=-39.5 dist=45.0 dn=0.112 ang=-1.072rad
[21:10:16.669] curve_dn=0.176 trav=9.84 offset=(-4.70,-8.64)
[21:10:16.669]   eye@(300,260) 295.3,251.4 -> 295.3,251.4
[21:10:16.669]   eye@(600,260) 595.3,251.4 -> 595.3,251.4
[21:10:16.733] ------------------------------------------------------------
[21:10:16.733] faces=1
[21:10:16.734] weighted center=(341.5,200.5) over 1 face(s)
[21:10:16.734] dt=65.4ms vel=(0.0,0.0)px/s accel=(0.0,0.0)px/s2
[21:10:16.734] predicted pos (120ms ahead)=(341.5,200.5)
[21:10:16.734] dx=21.5 dy=-39.5 dist=45.0 dn=0.112 ang=-1.072rad
[21:10:16.734] curve_dn=0.176 trav=9.84 offset=(-4.70,-8.64)
[21:10:16.734]   eye@(300,260) 295.3,251.4 -> 295.3,251.4
[21:10:16.734]   eye@(600,260) 595.3,251.4 -> 595.3,251.4
[21:10:16.800] ------------------------------------------------------------
[21:10:16.800] faces=1
[21:10:16.800] weighted center=(341.5,200.5) over 1 face(s)
[21:10:16.800] dt=66.4ms vel=(0.0,0.0)px/s accel=(0.0,0.0)px/s2
[21:10:16.800] predicted pos (120ms ahead)=(341.5,200.5)
[21:10:16.801] dx=21.5 dy=-39.5 dist=45.0 dn=0.112 ang=-1.072rad
[21:10:16.801] curve_dn=0.176 trav=9.84 offset=(-4.70,-8.64)
[21:10:16.801]   eye@(300,260) 295.3,251.4 -> 295.3,251.4
[21:10:16.801]   eye@(600,260) 595.3,251.4 -> 595.3,251.4
[21:10:16.856] ------------------------------------------------------------
[21:10:16.856] faces=1
[21:10:16.856] weighted center=(341.5,200.5) over 1 face(s)
[21:10:16.857] dt=56.2ms vel=(0.0,0.0)px/s accel=(0.0,0.0)px/s2
[21:10:16.857] predicted pos (120ms ahead)=(341.5,200.5)
[21:10:16.857] dx=21.5 dy=-39.5 dist=45.0 dn=0.112 ang=-1.072rad
[21:10:16.857] curve_dn=0.176 trav=9.84 offset=(-4.70,-8.64)
[21:10:16.857]   eye@(300,260) 295.3,251.4 -> 295.3,251.4
[21:10:16.857]   eye@(600,260) 595.3,251.4 -> 595.3,251.4
[21:10:16.915] ------------------------------------------------------------
[21:10:16.915] faces=1
[21:10:16.916] weighted center=(341.5,200.5) over 1 face(s)
[21:10:16.916] dt=59.4ms vel=(0.0,0.0)px/s accel=(0.0,0.0)px/s2
[21:10:16.916] predicted pos (120ms ahead)=(341.5,200.5)
[21:10:16.916] dx=21.5 dy=-39.5 dist=45.0 dn=0.112 ang=-1.072rad
[21:10:16.916] curve_dn=0.176 trav=9.84 offset=(-4.70,-8.64)
[21:10:16.916]   eye@(300,260) 295.3,251.4 -> 295.3,251.4
[21:10:16.916]   eye@(600,260) 595.3,251.4 -> 595.3,251.4
[21:10:16.987] ------------------------------------------------------------
[21:10:16.987] faces=1
[21:10:16.987] weighted center=(341.5,200.5) over 1 face(s)
[21:10:16.987] dt=71.6ms vel=(0.0,0.0)px/s accel=(0.0,0.0)px/s2
[21:10:16.988] predicted pos (120ms ahead)=(341.5,200.5)
[21:10:16.988] dx=21.5 dy=-39.5 dist=45.0 dn=0.112 ang=-1.072rad
[21:10:16.988] curve_dn=0.176 trav=9.84 offset=(-4.70,-8.64)
[21:10:16.988]   eye@(300,260) 295.3,251.4 -> 295.3,251.4
[21:10:16.988]   eye@(600,260) 595.3,251.4 -> 595.3,251.4
[21:10:17.040] ------------------------------------------------------------
[21:10:17.040] faces=1
[21:10:17.040] weighted center=(341.5,200.5) over 1 face(s)
[21:10:17.040] dt=52.8ms vel=(0.0,0.0)px/s accel=(0.0,0.0)px/s2
[21:10:17.040] predicted pos (120ms ahead)=(341.5,200.5)
[21:10:17.040] dx=21.5 dy=-39.5 dist=45.0 dn=0.112 ang=-1.072rad
[21:10:17.041] curve_dn=0.176 trav=9.84 offset=(-4.70,-8.64)
[21:10:17.041]   eye@(300,260) 295.3,251.4 -> 295.3,251.4
[21:10:17.041]   eye@(600,260) 595.3,251.4 -> 595.3,251.4
[21:10:17.116] ------------------------------------------------------------
[21:10:17.116] faces=1
[21:10:17.116] weighted center=(341.5,200.5) over 1 face(s)
[21:10:17.116] dt=76.1ms vel=(0.0,0.0)px/s accel=(0.0,0.0)px/s2
[21:10:17.116] predicted pos (120ms ahead)=(341.5,200.5)
[21:10:17.117] dx=21.5 dy=-39.5 dist=45.0 dn=0.112 ang=-1.072rad
[21:10:17.117] curve_dn=0.176 trav=9.84 offset=(-4.70,-8.64)
[21:10:17.117]   eye@(300,260) 295.3,251.4 -> 295.3,251.4
[21:10:17.117]   eye@(600,260) 595.3,251.4 -> 595.3,251.4
[21:10:17.157] ------------------------------------------------------------
[21:10:17.158] faces=1
[21:10:17.158] weighted center=(341.5,200.5) over 1 face(s)
[21:10:17.158] dt=41.5ms vel=(0.0,0.0)px/s accel=(0.0,0.0)px/s2
[21:10:17.158] predicted pos (120ms ahead)=(341.5,200.5)
[21:10:17.158] dx=21.5 dy=-39.5 dist=45.0 dn=0.112 ang=-1.072rad
[21:10:17.158] curve_dn=0.176 trav=9.84 offset=(-4.70,-8.64)
[21:10:17.158]   eye@(300,260) 295.3,251.4 -> 295.3,251.4
[21:10:17.158]   eye@(600,260) 595.3,251.4 -> 595.3,251.4
[21:10:17.208] ------------------------------------------------------------
[21:10:17.208] faces=1
[21:10:17.208] weighted center=(341.5,200.5) over 1 face(s)
[21:10:17.209] dt=50.8ms vel=(0.0,0.0)px/s accel=(0.0,0.0)px/s2
[21:10:17.209] predicted pos (120ms ahead)=(341.5,200.5)
[21:10:17.209] dx=21.5 dy=-39.5 dist=45.0 dn=0.112 ang=-1.072rad
[21:10:17.209] curve_dn=0.176 trav=9.84 offset=(-4.70,-8.64)
[21:10:17.209]   eye@(300,260) 295.3,251.4 -> 295.3,251.4
[21:10:17.209]   eye@(600,260) 595.3,251.4 -> 595.3,251.4
[21:10:17.245] ------------------------------------------------------------
[21:10:17.246] faces=1
[21:10:17.246] weighted center=(341.5,200.5) over 1 face(s)
[21:10:17.246] dt=37.2ms vel=(0.0,0.0)px/s accel=(0.0,0.0)px/s2
[21:10:17.246] predicted pos (120ms ahead)=(341.5,200.5)
[21:10:17.246] dx=21.5 dy=-39.5 dist=45.0 dn=0.112 ang=-1.072rad
[21:10:17.246] curve_dn=0.176 trav=9.84 offset=(-4.70,-8.64)
[21:10:17.246]   eye@(300,260) 295.3,251.4 -> 295.3,251.4
[21:10:17.246]   eye@(600,260) 595.3,251.4 -> 595.3,251.4
[21:10:17.294] ------------------------------------------------------------
[21:10:17.295] faces=1
[21:10:17.295] weighted center=(341.5,200.5) over 1 face(s)
[21:10:17.295] dt=49.3ms vel=(0.0,0.0)px/s accel=(0.0,0.0)px/s2
[21:10:17.295] predicted pos (120ms ahead)=(341.5,200.5)
[21:10:17.295] dx=21.5 dy=-39.5 dist=45.0 dn=0.112 ang=-1.072rad
[21:10:17.295] curve_dn=0.176 trav=9.84 offset=(-4.70,-8.64)
[21:10:17.295]   eye@(300,260) 295.3,251.4 -> 295.3,251.4
[21:10:17.296]   eye@(600,260) 595.3,251.4 -> 595.3,251.4
[21:10:17.334] ------------------------------------------------------------
[21:10:17.334] faces=1
[21:10:17.335] weighted center=(341.5,200.5) over 1 face(s)
[21:10:17.335] dt=39.6ms vel=(0.0,0.0)px/s accel=(0.0,0.0)px/s2
[21:10:17.335] predicted pos (120ms ahead)=(341.5,200.5)
[21:10:17.335] dx=21.5 dy=-39.5 dist=45.0 dn=0.112 ang=-1.072rad
[21:10:17.335] curve_dn=0.176 trav=9.84 offset=(-4.70,-8.64)
[21:10:17.335]   eye@(300,260) 295.3,251.4 -> 295.3,251.4
[21:10:17.335]   eye@(600,260) 595.3,251.4 -> 595.3,251.4
[21:10:17.397] ------------------------------------------------------------
[21:10:17.397] faces=1
[21:10:17.397] weighted center=(341.5,200.5) over 1 face(s)
[21:10:17.397] dt=62.5ms vel=(0.0,0.0)px/s accel=(0.0,0.0)px/s2
[21:10:17.397] predicted pos (120ms ahead)=(341.5,200.5)
[21:10:17.397] dx=21.5 dy=-39.5 dist=45.0 dn=0.112 ang=-1.072rad
[21:10:17.398] curve_dn=0.176 trav=9.84 offset=(-4.70,-8.64)
[21:10:17.398]   eye@(300,260) 295.3,251.4 -> 295.3,251.4
[21:10:17.398]   eye@(600,260) 595.3,251.4 -> 595.3,251.4
[21:10:17.466] ------------------------------------------------------------
[21:10:17.466] faces=1
[21:10:17.466] weighted center=(341.5,200.5) over 1 face(s)
[21:10:17.466] dt=69.1ms vel=(0.0,0.0)px/s accel=(0.0,0.0)px/s2
[21:10:17.466] predicted pos (120ms ahead)=(341.5,200.5)
[21:10:17.467] dx=21.5 dy=-39.5 dist=45.0 dn=0.112 ang=-1.072rad
[21:10:17.467] curve_dn=0.176 trav=9.84 offset=(-4.70,-8.64)
[21:10:17.467]   eye@(300,260) 295.3,251.4 -> 295.3,251.4
[21:10:17.467]   eye@(600,260) 595.3,251.4 -> 595.3,251.4
[21:10:17.522] ------------------------------------------------------------
[21:10:17.522] faces=1
[21:10:17.523] weighted center=(341.5,200.5) over 1 face(s)
[21:10:17.523] dt=56.4ms vel=(0.0,0.0)px/s accel=(0.0,0.0)px/s2
[21:10:17.523] predicted pos (120ms ahead)=(341.5,200.5)
[21:10:17.523] dx=21.5 dy=-39.5 dist=45.0 dn=0.112 ang=-1.072rad
[21:10:17.523] curve_dn=0.176 trav=9.84 offset=(-4.70,-8.64)
[21:10:17.523]   eye@(300,260) 295.3,251.4 -> 295.3,251.4
[21:10:17.523]   eye@(600,260) 595.3,251.4 -> 595.3,251.4
[21:10:17.578] ------------------------------------------------------------
[21:10:17.578] faces=1
[21:10:17.578] weighted center=(341.5,200.5) over 1 face(s)
[21:10:17.578] dt=55.4ms vel=(0.0,0.0)px/s accel=(0.0,0.0)px/s2
[21:10:17.578] predicted pos (120ms ahead)=(341.5,200.5)
[21:10:17.578] dx=21.5 dy=-39.5 dist=45.0 dn=0.112 ang=-1.072rad
[21:10:17.578] curve_dn=0.176 trav=9.84 offset=(-4.70,-8.64)
[21:10:17.578]   eye@(300,260) 295.3,251.4 -> 295.3,251.4
[21:10:17.579]   eye@(600,260) 595.3,251.4 -> 595.3,251.4
[21:10:17.619] ------------------------------------------------------------
[21:10:17.620] faces=1
[21:10:17.620] weighted center=(341.5,200.5) over 1 face(s)
[21:10:17.620] dt=41.7ms vel=(0.0,0.0)px/s accel=(0.0,0.0)px/s2
[21:10:17.620] predicted pos (120ms ahead)=(341.5,200.5)
[21:10:17.620] dx=21.5 dy=-39.5 dist=45.0 dn=0.112 ang=-1.072rad
[21:10:17.620] curve_dn=0.176 trav=9.84 offset=(-4.70,-8.64)
[21:10:17.620]   eye@(300,260) 295.3,251.4 -> 295.3,251.4
[21:10:17.620]   eye@(600,260) 595.3,251.4 -> 595.3,251.4
[21:10:17.677] ------------------------------------------------------------
[21:10:17.677] faces=1
[21:10:17.677] weighted center=(341.5,200.5) over 1 face(s)
[21:10:17.677] dt=57.6ms vel=(0.0,0.0)px/s accel=(0.0,0.0)px/s2
[21:10:17.678] predicted pos (120ms ahead)=(341.5,200.5)
[21:10:17.678] dx=21.5 dy=-39.5 dist=45.0 dn=0.112 ang=-1.072rad
[21:10:17.678] curve_dn=0.176 trav=9.84 offset=(-4.70,-8.64)
[21:10:17.678]   eye@(300,260) 295.3,251.4 -> 295.3,251.4
[21:10:17.678]   eye@(600,260) 595.3,251.4 -> 595.3,251.4
[21:10:17.741] ------------------------------------------------------------
[21:10:17.741] faces=1
[21:10:17.741] weighted center=(341.5,200.5) over 1 face(s)
[21:10:17.742] dt=64.1ms vel=(0.0,0.0)px/s accel=(0.0,0.0)px/s2
[21:10:17.742] predicted pos (120ms ahead)=(341.5,200.5)
[21:10:17.742] dx=21.5 dy=-39.5 dist=45.0 dn=0.112 ang=-1.072rad
[21:10:17.742] curve_dn=0.176 trav=9.84 offset=(-4.70,-8.64)
[21:10:17.742]   eye@(300,260) 295.3,251.4 -> 295.3,251.4
[21:10:17.742]   eye@(600,260) 595.3,251.4 -> 595.3,251.4
[21:10:17.802] ------------------------------------------------------------
[21:10:17.803] faces=1
[21:10:17.803] weighted center=(341.5,200.5) over 1 face(s)
[21:10:17.803] dt=61.5ms vel=(0.0,0.0)px/s accel=(0.0,0.0)px/s2
[21:10:17.803] predicted pos (120ms ahead)=(341.5,200.5)
[21:10:17.803] dx=21.5 dy=-39.5 dist=45.0 dn=0.112 ang=-1.072rad
[21:10:17.803] curve_dn=0.176 trav=9.84 offset=(-4.70,-8.64)
[21:10:17.804]   eye@(300,260) 295.3,251.4 -> 295.3,251.4
[21:10:17.804]   eye@(600,260) 595.3,251.4 -> 595.3,251.4
[21:10:17.847] ------------------------------------------------------------
[21:10:17.847] faces=1
[21:10:17.847] weighted center=(341.5,200.5) over 1 face(s)
[21:10:17.848] dt=44.5ms vel=(0.0,0.0)px/s accel=(0.0,0.0)px/s2
[21:10:17.848] predicted pos (120ms ahead)=(341.5,200.5)
[21:10:17.848] dx=21.5 dy=-39.5 dist=45.0 dn=0.112 ang=-1.072rad
[21:10:17.848] curve_dn=0.176 trav=9.84 offset=(-4.70,-8.64)
[21:10:17.848]   eye@(300,260) 295.3,251.4 -> 295.3,251.4
[21:10:17.848]   eye@(600,260) 595.3,251.4 -> 595.3,251.4
[21:10:17.895] ------------------------------------------------------------
[21:10:17.896] faces=1
[21:10:17.896] weighted center=(341.5,200.5) over 1 face(s)
[21:10:17.896] dt=48.6ms vel=(0.0,0.0)px/s accel=(0.0,0.0)px/s2
[21:10:17.896] predicted pos (120ms ahead)=(341.5,200.5)
[21:10:17.896] dx=21.5 dy=-39.5 dist=45.0 dn=0.112 ang=-1.072rad
[21:10:17.897] curve_dn=0.176 trav=9.84 offset=(-4.70,-8.64)
[21:10:17.897]   eye@(300,260) 295.3,251.4 -> 295.3,251.4
[21:10:17.897]   eye@(600,260) 595.3,251.4 -> 595.3,251.4
[21:10:17.946] ------------------------------------------------------------
[21:10:17.946] faces=1
[21:10:17.946] weighted center=(341.5,200.5) over 1 face(s)
[21:10:17.946] dt=50.2ms vel=(0.0,0.0)px/s accel=(0.0,0.0)px/s2
[21:10:17.946] predicted pos (120ms ahead)=(341.5,200.5)
[21:10:17.947] dx=21.5 dy=-39.5 dist=45.0 dn=0.112 ang=-1.072rad
[21:10:17.947] curve_dn=0.176 trav=9.84 offset=(-4.70,-8.64)
[21:10:17.947]   eye@(300,260) 295.3,251.4 -> 295.3,251.4
[21:10:17.947]   eye@(600,260) 595.3,251.4 -> 595.3,251.4
[21:10:17.986] ------------------------------------------------------------
[21:10:17.986] faces=1
[21:10:17.986] weighted center=(341.5,200.5) over 1 face(s)
[21:10:17.987] dt=40.4ms vel=(0.0,0.0)px/s accel=(0.0,0.0)px/s2
[21:10:17.987] predicted pos (120ms ahead)=(341.5,200.5)
[21:10:17.987] dx=21.5 dy=-39.5 dist=45.0 dn=0.112 ang=-1.072rad
[21:10:17.987] curve_dn=0.176 trav=9.84 offset=(-4.70,-8.64)
[21:10:17.987]   eye@(300,260) 295.3,251.4 -> 295.3,251.4
[21:10:17.987]   eye@(600,260) 595.3,251.4 -> 595.3,251.4
[21:10:18.034] ------------------------------------------------------------
[21:10:18.034] faces=1
[21:10:18.034] weighted center=(341.5,200.5) over 1 face(s)
[21:10:18.034] dt=47.5ms vel=(0.0,0.0)px/s accel=(0.0,0.0)px/s2
[21:10:18.034] predicted pos (120ms ahead)=(341.5,200.5)
[21:10:18.034] dx=21.5 dy=-39.5 dist=45.0 dn=0.112 ang=-1.072rad
[21:10:18.034] curve_dn=0.176 trav=9.84 offset=(-4.70,-8.64)
[21:10:18.034]   eye@(300,260) 295.3,251.4 -> 295.3,251.4
[21:10:18.035]   eye@(600,260) 595.3,251.4 -> 595.3,251.4
[21:10:18.086] ------------------------------------------------------------
[21:10:18.086] faces=1
[21:10:18.086] weighted center=(341.5,200.5) over 1 face(s)
[21:10:18.086] dt=52.1ms vel=(0.0,0.0)px/s accel=(0.0,0.0)px/s2
[21:10:18.086] predicted pos (120ms ahead)=(341.5,200.5)
[21:10:18.086] dx=21.5 dy=-39.5 dist=45.0 dn=0.112 ang=-1.072rad
[21:10:18.087] curve_dn=0.176 trav=9.84 offset=(-4.70,-8.64)
[21:10:18.087]   eye@(300,260) 295.3,251.4 -> 295.3,251.4
[21:10:18.087]   eye@(600,260) 595.3,251.4 -> 595.3,251.4
[21:10:18.135] ------------------------------------------------------------
[21:10:18.135] faces=1
[21:10:18.135] weighted center=(341.5,200.5) over 1 face(s)
[21:10:18.135] dt=49.1ms vel=(0.0,0.0)px/s accel=(0.0,0.0)px/s2
[21:10:18.135] predicted pos (120ms ahead)=(341.5,200.5)
[21:10:18.136] dx=21.5 dy=-39.5 dist=45.0 dn=0.112 ang=-1.072rad
[21:10:18.136] curve_dn=0.176 trav=9.84 offset=(-4.70,-8.64)
[21:10:18.136]   eye@(300,260) 295.3,251.4 -> 295.3,251.4
[21:10:18.136]   eye@(600,260) 595.3,251.4 -> 595.3,251.4
[21:10:18.173] ------------------------------------------------------------
[21:10:18.174] faces=1
[21:10:18.174] weighted center=(341.5,200.5) over 1 face(s)
[21:10:18.174] dt=38.5ms vel=(0.0,0.0)px/s accel=(0.0,0.0)px/s2
[21:10:18.174] predicted pos (120ms ahead)=(341.5,200.5)
[21:10:18.174] dx=21.5 dy=-39.5 dist=45.0 dn=0.112 ang=-1.072rad
[21:10:18.174] curve_dn=0.176 trav=9.84 offset=(-4.70,-8.64)
[21:10:18.174]   eye@(300,260) 295.3,251.4 -> 295.3,251.4
[21:10:18.174]   eye@(600,260) 595.3,251.4 -> 595.3,251.4
[21:10:18.235] ------------------------------------------------------------
[21:10:18.235] faces=1
[21:10:18.235] weighted center=(341.5,200.5) over 1 face(s)
[21:10:18.235] dt=61.7ms vel=(0.0,0.0)px/s accel=(0.0,0.0)px/s2
[21:10:18.236] predicted pos (120ms ahead)=(341.5,200.5)
[21:10:18.236] dx=21.5 dy=-39.5 dist=45.0 dn=0.112 ang=-1.072rad
[21:10:18.236] curve_dn=0.176 trav=9.84 offset=(-4.70,-8.64)
[21:10:18.236]   eye@(300,260) 295.3,251.4 -> 295.3,251.4
[21:10:18.236]   eye@(600,260) 595.3,251.4 -> 595.3,251.4
[21:10:18.289] ------------------------------------------------------------
[21:10:18.289] faces=1
[21:10:18.289] weighted center=(341.5,200.5) over 1 face(s)
[21:10:18.290] dt=54.1ms vel=(0.0,0.0)px/s accel=(0.0,0.0)px/s2
[21:10:18.290] predicted pos (120ms ahead)=(341.5,200.5)
[21:10:18.290] dx=21.5 dy=-39.5 dist=45.0 dn=0.112 ang=-1.072rad
[21:10:18.290] curve_dn=0.176 trav=9.84 offset=(-4.70,-8.64)
[21:10:18.290]   eye@(300,260) 295.3,251.4 -> 295.3,251.4
[21:10:18.290]   eye@(600,260) 595.3,251.4 -> 595.3,251.4
[21:10:18.331] ------------------------------------------------------------
[21:10:18.332] faces=1
[21:10:18.332] weighted center=(341.5,200.5) over 1 face(s)
[21:10:18.332] dt=42.3ms vel=(0.0,0.0)px/s accel=(0.0,0.0)px/s2
[21:10:18.332] predicted pos (120ms ahead)=(341.5,200.5)
[21:10:18.332] dx=21.5 dy=-39.5 dist=45.0 dn=0.112 ang=-1.072rad
[21:10:18.332] curve_dn=0.176 trav=9.84 offset=(-4.70,-8.64)
[21:10:18.332]   eye@(300,260) 295.3,251.4 -> 295.3,251.4
[21:10:18.332]   eye@(600,260) 595.3,251.4 -> 595.3,251.4
[21:10:18.381] ------------------------------------------------------------
[21:10:18.381] faces=1
[21:10:18.381] weighted center=(341.5,200.5) over 1 face(s)
[21:10:18.382] dt=49.7ms vel=(0.0,0.0)px/s accel=(0.0,0.0)px/s2
[21:10:18.382] predicted pos (120ms ahead)=(341.5,200.5)
[21:10:18.382] dx=21.5 dy=-39.5 dist=45.0 dn=0.112 ang=-1.072rad
[21:10:18.382] curve_dn=0.176 trav=9.84 offset=(-4.70,-8.64)
[21:10:18.382]   eye@(300,260) 295.3,251.4 -> 295.3,251.4
[21:10:18.382]   eye@(600,260) 595.3,251.4 -> 595.3,251.4
[21:10:18.450] ------------------------------------------------------------
[21:10:18.450] faces=1
[21:10:18.450] weighted center=(341.5,200.5) over 1 face(s)
[21:10:18.450] dt=69.0ms vel=(0.0,0.0)px/s accel=(0.0,0.0)px/s2
[21:10:18.451] predicted pos (120ms ahead)=(341.5,200.5)
[21:10:18.451] dx=21.5 dy=-39.5 dist=45.0 dn=0.112 ang=-1.072rad
[21:10:18.451] curve_dn=0.176 trav=9.84 offset=(-4.70,-8.64)
[21:10:18.451]   eye@(300,260) 295.3,251.4 -> 295.3,251.4
[21:10:18.451]   eye@(600,260) 595.3,251.4 -> 595.3,251.4
[21:10:18.495] ------------------------------------------------------------
[21:10:18.496] faces=1
[21:10:18.496] weighted center=(341.5,200.5) over 1 face(s)
[21:10:18.496] dt=45.4ms vel=(0.0,0.0)px/s accel=(0.0,0.0)px/s2
[21:10:18.496] predicted pos (120ms ahead)=(341.5,200.5)
[21:10:18.496] dx=21.5 dy=-39.5 dist=45.0 dn=0.112 ang=-1.072rad
[21:10:18.496] curve_dn=0.176 trav=9.84 offset=(-4.70,-8.64)
[21:10:18.496]   eye@(300,260) 295.3,251.4 -> 295.3,251.4
[21:10:18.496]   eye@(600,260) 595.3,251.4 -> 595.3,251.4
[21:10:18.555] ------------------------------------------------------------
[21:10:18.555] faces=1
[21:10:18.555] weighted center=(341.5,200.5) over 1 face(s)
[21:10:18.555] dt=59.5ms vel=(0.0,0.0)px/s accel=(0.0,0.0)px/s2
[21:10:18.555] predicted pos (120ms ahead)=(341.5,200.5)
[21:10:18.556] dx=21.5 dy=-39.5 dist=45.0 dn=0.112 ang=-1.072rad
[21:10:18.556] curve_dn=0.176 trav=9.84 offset=(-4.70,-8.64)
[21:10:18.556]   eye@(300,260) 295.3,251.4 -> 295.3,251.4
[21:10:18.556]   eye@(600,260) 595.3,251.4 -> 595.3,251.4
[21:10:18.616] ------------------------------------------------------------
[21:10:18.617] faces=1
[21:10:18.617] weighted center=(341.5,200.5) over 1 face(s)
[21:10:18.617] dt=61.7ms vel=(0.0,0.0)px/s accel=(0.0,0.0)px/s2
[21:10:18.617] predicted pos (120ms ahead)=(341.5,200.5)
[21:10:18.617] dx=21.5 dy=-39.5 dist=45.0 dn=0.112 ang=-1.072rad
[21:10:18.617] curve_dn=0.176 trav=9.84 offset=(-4.70,-8.64)
[21:10:18.617]   eye@(300,260) 295.3,251.4 -> 295.3,251.4
[21:10:18.618]   eye@(600,260) 595.3,251.4 -> 595.3,251.4
[21:10:18.682] ------------------------------------------------------------
[21:10:18.683] faces=1
[21:10:18.683] weighted center=(341.5,200.5) over 1 face(s)
[21:10:18.683] dt=65.9ms vel=(0.0,0.0)px/s accel=(0.0,0.0)px/s2
[21:10:18.683] predicted pos (120ms ahead)=(341.5,200.5)
[21:10:18.683] dx=21.5 dy=-39.5 dist=45.0 dn=0.112 ang=-1.072rad
[21:10:18.683] curve_dn=0.176 trav=9.84 offset=(-4.70,-8.64)
[21:10:18.683]   eye@(300,260) 295.3,251.4 -> 295.3,251.4
[21:10:18.683]   eye@(600,260) 595.3,251.4 -> 595.3,251.4
[21:10:18.730] ------------------------------------------------------------
[21:10:18.730] faces=1
[21:10:18.730] weighted center=(341.5,200.5) over 1 face(s)
[21:10:18.731] dt=47.7ms vel=(0.0,0.0)px/s accel=(0.0,0.0)px/s2
[21:10:18.731] predicted pos (120ms ahead)=(341.5,200.5)
[21:10:18.731] dx=21.5 dy=-39.5 dist=45.0 dn=0.112 ang=-1.072rad
[21:10:18.731] curve_dn=0.176 trav=9.84 offset=(-4.70,-8.64)
[21:10:18.731]   eye@(300,260) 295.3,251.4 -> 295.3,251.4
[21:10:18.731]   eye@(600,260) 595.3,251.4 -> 595.3,251.4
[21:10:18.771] ------------------------------------------------------------
[21:10:18.771] faces=1
[21:10:18.771] weighted center=(341.5,200.5) over 1 face(s)
[21:10:18.771] dt=40.7ms vel=(0.0,0.0)px/s accel=(0.0,0.0)px/s2
[21:10:18.771] predicted pos (120ms ahead)=(341.5,200.5)
[21:10:18.771] dx=21.5 dy=-39.5 dist=45.0 dn=0.112 ang=-1.072rad
[21:10:18.772] curve_dn=0.176 trav=9.84 offset=(-4.70,-8.64)
[21:10:18.772]   eye@(300,260) 295.3,251.4 -> 295.3,251.4
[21:10:18.772]   eye@(600,260) 595.3,251.4 -> 595.3,251.4
[21:10:18.825] ------------------------------------------------------------
[21:10:18.825] faces=1
[21:10:18.825] weighted center=(341.5,200.5) over 1 face(s)
[21:10:18.825] dt=54.1ms vel=(0.0,0.0)px/s accel=(0.0,0.0)px/s2
[21:10:18.825] predicted pos (120ms ahead)=(341.5,200.5)
[21:10:18.826] dx=21.5 dy=-39.5 dist=45.0 dn=0.112 ang=-1.072rad
[21:10:18.826] curve_dn=0.176 trav=9.84 offset=(-4.70,-8.64)
[21:10:18.826]   eye@(300,260) 295.3,251.4 -> 295.3,251.4
[21:10:18.826]   eye@(600,260) 595.3,251.4 -> 595.3,251.4
[21:10:18.870] ------------------------------------------------------------
[21:10:18.870] faces=1
[21:10:18.870] weighted center=(341.5,200.5) over 1 face(s)
[21:10:18.871] dt=45.2ms vel=(0.0,0.0)px/s accel=(0.0,0.0)px/s2
[21:10:18.871] predicted pos (120ms ahead)=(341.5,200.5)
[21:10:18.871] dx=21.5 dy=-39.5 dist=45.0 dn=0.112 ang=-1.072rad
[21:10:18.871] curve_dn=0.176 trav=9.84 offset=(-4.70,-8.64)
[21:10:18.871]   eye@(300,260) 295.3,251.4 -> 295.3,251.4
[21:10:18.871]   eye@(600,260) 595.3,251.4 -> 595.3,251.4
[21:10:18.919] ------------------------------------------------------------
[21:10:18.920] faces=1
[21:10:18.920] weighted center=(341.5,200.5) over 1 face(s)
[21:10:18.920] dt=49.3ms vel=(0.0,0.0)px/s accel=(0.0,0.0)px/s2
[21:10:18.920] predicted pos (120ms ahead)=(341.5,200.5)
[21:10:18.920] dx=21.5 dy=-39.5 dist=45.0 dn=0.112 ang=-1.072rad
[21:10:18.920] curve_dn=0.176 trav=9.84 offset=(-4.70,-8.64)
[21:10:18.920]   eye@(300,260) 295.3,251.4 -> 295.3,251.4
[21:10:18.920]   eye@(600,260) 595.3,251.4 -> 595.3,251.4
[21:10:18.970] ------------------------------------------------------------
[21:10:18.970] faces=1
[21:10:18.970] weighted center=(341.5,200.5) over 1 face(s)
[21:10:18.970] dt=50.2ms vel=(0.0,0.0)px/s accel=(0.0,0.0)px/s2
[21:10:18.970] predicted pos (120ms ahead)=(341.5,200.5)
[21:10:18.970] dx=21.5 dy=-39.5 dist=45.0 dn=0.112 ang=-1.072rad
[21:10:18.970] curve_dn=0.176 trav=9.84 offset=(-4.70,-8.64)
[21:10:18.971]   eye@(300,260) 295.3,251.4 -> 295.3,251.4
[21:10:18.971]   eye@(600,260) 595.3,251.4 -> 595.3,251.4
[21:10:19.012] ------------------------------------------------------------
[21:10:19.012] faces=1
[21:10:19.012] weighted center=(341.5,200.5) over 1 face(s)
[21:10:19.012] dt=42.2ms vel=(0.0,0.0)px/s accel=(0.0,0.0)px/s2
[21:10:19.012] predicted pos (120ms ahead)=(341.5,200.5)
[21:10:19.013] dx=21.5 dy=-39.5 dist=45.0 dn=0.112 ang=-1.072rad
[21:10:19.013] curve_dn=0.176 trav=9.84 offset=(-4.70,-8.64)
[21:10:19.013]   eye@(300,260) 295.3,251.4 -> 295.3,251.4
[21:10:19.013]   eye@(600,260) 595.3,251.4 -> 595.3,251.4
[21:10:19.054] ------------------------------------------------------------
[21:10:19.054] faces=1
[21:10:19.055] weighted center=(341.5,200.5) over 1 face(s)
[21:10:19.055] dt=42.4ms vel=(0.0,0.0)px/s accel=(0.0,0.0)px/s2
[21:10:19.055] predicted pos (120ms ahead)=(341.5,200.5)
[21:10:19.055] dx=21.5 dy=-39.5 dist=45.0 dn=0.112 ang=-1.072rad
[21:10:19.055] curve_dn=0.176 trav=9.84 offset=(-4.70,-8.64)
[21:10:19.055]   eye@(300,260) 295.3,251.4 -> 295.3,251.4
[21:10:19.055]   eye@(600,260) 595.3,251.4 -> 595.3,251.4
[21:10:19.102] ------------------------------------------------------------
[21:10:19.102] faces=1
[21:10:19.102] weighted center=(341.5,200.5) over 1 face(s)
[21:10:19.102] dt=47.6ms vel=(0.0,0.0)px/s accel=(0.0,0.0)px/s2
[21:10:19.102] predicted pos (120ms ahead)=(341.5,200.5)
[21:10:19.103] dx=21.5 dy=-39.5 dist=45.0 dn=0.112 ang=-1.072rad
[21:10:19.103] curve_dn=0.176 trav=9.84 offset=(-4.70,-8.64)
[21:10:19.103]   eye@(300,260) 295.3,251.4 -> 295.3,251.4
[21:10:19.103]   eye@(600,260) 595.3,251.4 -> 595.3,251.4
[21:10:19.157] ------------------------------------------------------------
[21:10:19.157] faces=1
[21:10:19.158] weighted center=(341.5,200.5) over 1 face(s)
[21:10:19.158] dt=55.4ms vel=(0.0,0.0)px/s accel=(0.0,0.0)px/s2
[21:10:19.158] predicted pos (120ms ahead)=(341.5,200.5)
[21:10:19.158] dx=21.5 dy=-39.5 dist=45.0 dn=0.112 ang=-1.072rad
[21:10:19.158] curve_dn=0.176 trav=9.84 offset=(-4.70,-8.64)
[21:10:19.158]   eye@(300,260) 295.3,251.4 -> 295.3,251.4
[21:10:19.158]   eye@(600,260) 595.3,251.4 -> 595.3,251.4
[21:10:19.221] ------------------------------------------------------------
[21:10:19.222] faces=1
[21:10:19.222] weighted center=(341.5,200.5) over 1 face(s)
[21:10:19.222] dt=64.2ms vel=(0.0,0.0)px/s accel=(0.0,0.0)px/s2
[21:10:19.222] predicted pos (120ms ahead)=(341.5,200.5)
[21:10:19.222] dx=21.5 dy=-39.5 dist=45.0 dn=0.112 ang=-1.072rad
[21:10:19.222] curve_dn=0.176 trav=9.84 offset=(-4.70,-8.64)
[21:10:19.222]   eye@(300,260) 295.3,251.4 -> 295.3,251.4
[21:10:19.222]   eye@(600,260) 595.3,251.4 -> 595.3,251.4
[21:10:19.285] ------------------------------------------------------------
[21:10:19.285] faces=1
[21:10:19.285] weighted center=(341.5,200.5) over 1 face(s)
[21:10:19.285] dt=63.4ms vel=(0.0,0.0)px/s accel=(0.0,0.0)px/s2
[21:10:19.285] predicted pos (120ms ahead)=(341.5,200.5)
[21:10:19.286] dx=21.5 dy=-39.5 dist=45.0 dn=0.112 ang=-1.072rad
[21:10:19.286] curve_dn=0.176 trav=9.84 offset=(-4.70,-8.64)
[21:10:19.286]   eye@(300,260) 295.3,251.4 -> 295.3,251.4
[21:10:19.286]   eye@(600,260) 595.3,251.4 -> 595.3,251.4
[21:10:19.336] ------------------------------------------------------------
[21:10:19.337] faces=1
[21:10:19.337] weighted center=(341.5,200.5) over 1 face(s)
[21:10:19.337] dt=51.5ms vel=(0.0,0.0)px/s accel=(0.0,0.0)px/s2
[21:10:19.337] predicted pos (120ms ahead)=(341.5,200.5)
[21:10:19.337] dx=21.5 dy=-39.5 dist=45.0 dn=0.112 ang=-1.072rad
[21:10:19.337] curve_dn=0.176 trav=9.84 offset=(-4.70,-8.64)
[21:10:19.337]   eye@(300,260) 295.3,251.4 -> 295.3,251.4
[21:10:19.337]   eye@(600,260) 595.3,251.4 -> 595.3,251.4
[21:10:19.385] ------------------------------------------------------------
[21:10:19.385] faces=1
[21:10:19.385] weighted center=(341.5,200.5) over 1 face(s)
[21:10:19.385] dt=48.7ms vel=(0.0,0.0)px/s accel=(0.0,0.0)px/s2
[21:10:19.386] predicted pos (120ms ahead)=(341.5,200.5)
[21:10:19.386] dx=21.5 dy=-39.5 dist=45.0 dn=0.112 ang=-1.072rad
[21:10:19.386] curve_dn=0.176 trav=9.84 offset=(-4.70,-8.64)
[21:10:19.386]   eye@(300,260) 295.3,251.4 -> 295.3,251.4
[21:10:19.386]   eye@(600,260) 595.3,251.4 -> 595.3,251.4
[21:10:19.433] ------------------------------------------------------------
[21:10:19.433] faces=1
[21:10:19.434] weighted center=(341.5,200.5) over 1 face(s)
[21:10:19.434] dt=48.4ms vel=(0.0,0.0)px/s accel=(0.0,0.0)px/s2
[21:10:19.434] predicted pos (120ms ahead)=(341.5,200.5)
[21:10:19.434] dx=21.5 dy=-39.5 dist=45.0 dn=0.112 ang=-1.072rad
[21:10:19.434] curve_dn=0.176 trav=9.84 offset=(-4.70,-8.64)
[21:10:19.434]   eye@(300,260) 295.3,251.4 -> 295.3,251.4
[21:10:19.434]   eye@(600,260) 595.3,251.4 -> 595.3,251.4
[21:10:19.474] ------------------------------------------------------------
[21:10:19.474] faces=1
[21:10:19.475] weighted center=(341.5,200.5) over 1 face(s)
[21:10:19.475] dt=40.8ms vel=(0.0,0.0)px/s accel=(0.0,0.0)px/s2
[21:10:19.475] predicted pos (120ms ahead)=(341.5,200.5)
[21:10:19.475] dx=21.5 dy=-39.5 dist=45.0 dn=0.112 ang=-1.072rad
[21:10:19.475] curve_dn=0.176 trav=9.84 offset=(-4.70,-8.64)
[21:10:19.475]   eye@(300,260) 295.3,251.4 -> 295.3,251.4
[21:10:19.475]   eye@(600,260) 595.3,251.4 -> 595.3,251.4
[21:10:19.529] ------------------------------------------------------------
[21:10:19.530] faces=1
[21:10:19.530] weighted center=(341.5,200.5) over 1 face(s)
[21:10:19.530] dt=55.3ms vel=(0.0,0.0)px/s accel=(0.0,0.0)px/s2
[21:10:19.530] predicted pos (120ms ahead)=(341.5,200.5)
[21:10:19.530] dx=21.5 dy=-39.5 dist=45.0 dn=0.112 ang=-1.072rad
[21:10:19.530] curve_dn=0.176 trav=9.84 offset=(-4.70,-8.64)
[21:10:19.531]   eye@(300,260) 295.3,251.4 -> 295.3,251.4
[21:10:19.531]   eye@(600,260) 595.3,251.4 -> 595.3,251.4
[21:10:19.606] ------------------------------------------------------------
[21:10:19.606] faces=1
[21:10:19.607] weighted center=(341.5,200.5) over 1 face(s)
[21:10:19.607] dt=76.7ms vel=(0.0,0.0)px/s accel=(0.0,0.0)px/s2
[21:10:19.607] predicted pos (120ms ahead)=(341.5,200.5)
[21:10:19.607] dx=21.5 dy=-39.5 dist=45.0 dn=0.112 ang=-1.072rad
[21:10:19.607] curve_dn=0.176 trav=9.84 offset=(-4.70,-8.64)
[21:10:19.607]   eye@(300,260) 295.3,251.4 -> 295.3,251.4
[21:10:19.607]   eye@(600,260) 595.3,251.4 -> 595.3,251.4
[21:10:19.647] ------------------------------------------------------------
[21:10:19.647] faces=1
[21:10:19.647] weighted center=(341.5,200.5) over 1 face(s)
[21:10:19.647] dt=40.7ms vel=(0.0,0.0)px/s accel=(0.0,0.0)px/s2
[21:10:19.647] predicted pos (120ms ahead)=(341.5,200.5)
[21:10:19.648] dx=21.5 dy=-39.5 dist=45.0 dn=0.112 ang=-1.072rad
[21:10:19.648] curve_dn=0.176 trav=9.84 offset=(-4.70,-8.64)
[21:10:19.648]   eye@(300,260) 295.3,251.4 -> 295.3,251.4
[21:10:19.648]   eye@(600,260) 595.3,251.4 -> 595.3,251.4
[21:10:19.700] ------------------------------------------------------------
[21:10:19.700] faces=1
[21:10:19.701] weighted center=(341.5,200.5) over 1 face(s)
[21:10:19.701] dt=53.4ms vel=(0.0,0.0)px/s accel=(0.0,0.0)px/s2
[21:10:19.701] predicted pos (120ms ahead)=(341.5,200.5)
[21:10:19.701] dx=21.5 dy=-39.5 dist=45.0 dn=0.112 ang=-1.072rad
[21:10:19.701] curve_dn=0.176 trav=9.84 offset=(-4.70,-8.64)
[21:10:19.701]   eye@(300,260) 295.3,251.4 -> 295.3,251.4
[21:10:19.701]   eye@(600,260) 595.3,251.4 -> 595.3,251.4